Archive member included to satisfy reference by file (symbol)

.pio/build/bluepill_f103c8/lib4fb/libWire.a(Wire.cpp.o)
                              .pio/build/bluepill_f103c8/src/main.cpp.o (TwoWire::setClock(unsigned long))
.pio/build/bluepill_f103c8/lib4fb/libWire.a(twi.c.o)
                              .pio/build/bluepill_f103c8/lib4fb/libWire.a(Wire.cpp.o) (i2c_init)
.pio/build/bluepill_f103c8/libFrameworkArduino.a(Print.cpp.o)
                              .pio/build/bluepill_f103c8/src/main.cpp.o (Print::print(char const*))
.pio/build/bluepill_f103c8/libFrameworkArduino.a(Stream.cpp.o)
                              .pio/build/bluepill_f103c8/lib4fb/libWire.a(Wire.cpp.o) (Stream::readBytes(char*, unsigned int))
.pio/build/bluepill_f103c8/libFrameworkArduino.a(WInterrupts.cpp.o)
                              .pio/build/bluepill_f103c8/src/main.cpp.o (attachInterrupt(unsigned long, std::function<void ()>, unsigned long))
.pio/build/bluepill_f103c8/libFrameworkArduino.a(WString.cpp.o)
                              .pio/build/bluepill_f103c8/libFrameworkArduino.a(Stream.cpp.o) (String::String(char const*))
.pio/build/bluepill_f103c8/libFrameworkArduino.a(dtostrf.c.o)
                              .pio/build/bluepill_f103c8/libFrameworkArduino.a(WString.cpp.o) (dtostrf)
.pio/build/bluepill_f103c8/libFrameworkArduino.a(itoa.c.o)
                              .pio/build/bluepill_f103c8/libFrameworkArduino.a(WString.cpp.o) (ltoa)
.pio/build/bluepill_f103c8/libFrameworkArduino.a(main.cpp.o)
                              c:/users/taha/.platformio/packages/toolchain-gccarmnoneeabi/bin/../lib/gcc/arm-none-eabi/12.3.1/../../../../arm-none-eabi/lib/thumb/v7-m/nofp/crt0.o (main)
.pio/build/bluepill_f103c8/libFrameworkArduino.a(pins_arduino.c.o)
                              .pio/build/bluepill_f103c8/SrcWrapper/src/HardwareTimer.cpp.o (pinNametoDigitalPin)
.pio/build/bluepill_f103c8/libFrameworkArduino.a(wiring_analog.c.o)
                              .pio/build/bluepill_f103c8/src/main.cpp.o (analogRead)
.pio/build/bluepill_f103c8/libFrameworkArduino.a(wiring_digital.c.o)
                              .pio/build/bluepill_f103c8/SrcWrapper/src/HardwareTimer.cpp.o (pinMode)
.pio/build/bluepill_f103c8/libFrameworkArduino.a(wiring_time.c.o)
                              .pio/build/bluepill_f103c8/USBDevice/src/USBSerial.cpp.o (millis)
.pio/build/bluepill_f103c8/libFrameworkArduino.a(WSerial.cpp.o)
                              .pio/build/bluepill_f103c8/libFrameworkArduino.a(main.cpp.o) (serialEventRun())
.pio/build/bluepill_f103c8/libFrameworkArduino.a(board.c.o)
                              .pio/build/bluepill_f103c8/libFrameworkArduino.a(main.cpp.o) (init)
.pio/build/bluepill_f103c8/libFrameworkArduino.a(hooks.c.o)
                              .pio/build/bluepill_f103c8/libFrameworkArduino.a(wiring_time.c.o) (yield)
.pio/build/bluepill_f103c8/libFrameworkArduino.a(HardwareSerial.cpp.o)
                              .pio/build/bluepill_f103c8/libFrameworkArduino.a(WSerial.cpp.o) (HardwareSerial::available())
c:/users/taha/.platformio/packages/toolchain-gccarmnoneeabi/bin/../lib/gcc/arm-none-eabi/12.3.1/thumb/v7-m/nofp\libgcc.a(_arm_muldf3.o)
                              .pio/build/bluepill_f103c8/SrcWrapper/src/HardwareTimer.cpp.o (__aeabi_dmul)
c:/users/taha/.platformio/packages/toolchain-gccarmnoneeabi/bin/../lib/gcc/arm-none-eabi/12.3.1/thumb/v7-m/nofp\libgcc.a(_arm_mulsf3.o)
                              .pio/build/bluepill_f103c8/src/main.cpp.o (__aeabi_fmul)
c:/users/taha/.platformio/packages/toolchain-gccarmnoneeabi/bin/../lib/gcc/arm-none-eabi/12.3.1/thumb/v7-m/nofp\libgcc.a(_arm_addsubdf3.o)
                              .pio/build/bluepill_f103c8/libFrameworkArduino.a(Print.cpp.o) (__aeabi_dsub)
c:/users/taha/.platformio/packages/toolchain-gccarmnoneeabi/bin/../lib/gcc/arm-none-eabi/12.3.1/thumb/v7-m/nofp\libgcc.a(_arm_muldivdf3.o)
                              .pio/build/bluepill_f103c8/SrcWrapper/src/HardwareTimer.cpp.o (__aeabi_ddiv)
c:/users/taha/.platformio/packages/toolchain-gccarmnoneeabi/bin/../lib/gcc/arm-none-eabi/12.3.1/thumb/v7-m/nofp\libgcc.a(_arm_cmpdf2.o)
                              .pio/build/bluepill_f103c8/libFrameworkArduino.a(Print.cpp.o) (__aeabi_dcmplt)
c:/users/taha/.platformio/packages/toolchain-gccarmnoneeabi/bin/../lib/gcc/arm-none-eabi/12.3.1/thumb/v7-m/nofp\libgcc.a(_arm_unorddf2.o)
                              .pio/build/bluepill_f103c8/libFrameworkArduino.a(Print.cpp.o) (__aeabi_dcmpun)
c:/users/taha/.platformio/packages/toolchain-gccarmnoneeabi/bin/../lib/gcc/arm-none-eabi/12.3.1/thumb/v7-m/nofp\libgcc.a(_arm_fixdfsi.o)
                              .pio/build/bluepill_f103c8/libFrameworkArduino.a(dtostrf.c.o) (__aeabi_d2iz)
c:/users/taha/.platformio/packages/toolchain-gccarmnoneeabi/bin/../lib/gcc/arm-none-eabi/12.3.1/thumb/v7-m/nofp\libgcc.a(_arm_fixunsdfsi.o)
                              .pio/build/bluepill_f103c8/SrcWrapper/src/HardwareTimer.cpp.o (__aeabi_d2uiz)
[...]
Memory Configuration

Name             Origin             Length             Attributes
*default*        0x00000000         0xffffffff
RAM              0x20000000         0x00005000         xrw
FLASH            0x08000000         0x00010000         xr

Linker script and memory map

                0x20005000                        _estack = (ORIGIN (RAM) + LENGTH (RAM))
                0x00000200                        _Min_Heap_Size = 0x200
                0x00000400                        _Min_Stack_Size = 0x400

.isr_vector     0x08000000      0x10c
                0x08000000                        . = ALIGN (0x4)
 *(.isr_vector)
 .isr_vector    0x08000000      0x10c .pio/build/bluepill_f103c8/FrameworkArduinoVariant/startup_M200_f103xb.S.o
                0x08000000                g_pfnVectors
                0x0800010c                        . = ALIGN (0x4)

.text           0x08000110     0xddb4
                0x08000110                        . = ALIGN (0x4)
 *(.text)
 .text          0x08000110      0x378 c:/users/taha/.platformio/packages/toolchain-gccarmnoneeabi/bin/../lib/gcc/arm-none-eabi/12.3.1/thumb/v7-m/nofp\libgcc.a(_arm_addsubdf3.o)
                0x08000110                __aeabi_drsub
                0x08000118                __aeabi_dsub
                0x08000118                __subdf3
                0x0800011c                __aeabi_dadd
                0x0800011c                __adddf3
                0x08000394                __floatunsidf
                0x08000394                __aeabi_ui2d
                0x080003b4                __floatsidf
                0x080003b4                __aeabi_i2d
                0x080003d8                __aeabi_f2d
                0x080003d8                __extendsfdf2
                0x0800041c                __floatundidf
                0x0800041c                __aeabi_ul2d
                0x0800042c                __floatdidf
                0x0800042c                __aeabi_l2d
 .text          0x08000488      0x424 c:/users/taha/.platformio/packages/toolchain-gccarmnoneeabi/bin/../lib/gcc/arm-none-eabi/12.3.1/thumb/v7-m/nofp\libgcc.a(_arm_muldivdf3.o)
                0x08000488                __aeabi_dmul
                0x08000488                __muldf3
                0x080006dc                __divdf3
                0x080006dc                __aeabi_ddiv
 .text          0x080008ac      0x110 c:/users/taha/.platformio/packages/toolchain-gccarmnoneeabi/bin/../lib/gcc/arm-none-eabi/12.3.1/thumb/v7-m/nofp\libgcc.a(_arm_cmpdf2.o)
                0x080008ac                __gtdf2
                0x080008ac                __gedf2
                0x080008b4                __ltdf2
                0x080008b4                __ledf2
                0x080008bc                __nedf2
                0x080008bc                __eqdf2
                0x080008bc                __cmpdf2
                0x08000938                __aeabi_cdrcmple
                0x08000948                __aeabi_cdcmpeq
                0x08000948                __aeabi_cdcmple
                0x08000958                __aeabi_dcmpeq
                0x0800096c                __aeabi_dcmplt
                0x08000980                __aeabi_dcmple
                0x08000994                __aeabi_dcmpge
                0x080009a8                __aeabi_dcmpgt
 .text          0x080009bc       0x2c c:/users/taha/.platformio/packages/toolchain-gccarmnoneeabi/bin/../lib/gcc/arm-none-eabi/12.3.1/thumb/v7-m/nofp\libgcc.a(_arm_unorddf2.o)
                0x080009bc                __unorddf2
                0x080009bc                __aeabi_dcmpun
 .text          0x080009e8       0x50 c:/users/taha/.platformio/packages/toolchain-gccarmnoneeabi/bin/../lib/gcc/arm-none-eabi/12.3.1/thumb/v7-m/nofp\libgcc.a(_arm_fixdfsi.o)
                0x080009e8                __aeabi_d2iz
                0x080009e8                __fixdfsi
 .text          0x08000a38       0xa0 c:/users/taha/.platformio/packages/toolchain-gccarmnoneeabi/bin/../lib/gcc/arm-none-eabi/12.3.1/thumb/v7-m/nofp\libgcc.a(_arm_truncdfsf2.o)
                0x08000a38                __truncdfsf2
                0x08000a38                __aeabi_d2f
 .text          0x08000ad8      0x21c c:/users/taha/.platformio/packages/toolchain-gccarmnoneeabi/bin/../lib/gcc/arm-none-eabi/12.3.1/thumb/v7-m/nofp\libgcc.a(_arm_addsubsf3.o)
                0x08000ad8                __aeabi_frsub
                0x08000ae0                __subsf3
                0x08000ae0                __aeabi_fsub
                0x08000ae4                __aeabi_fadd
                0x08000ae4                __addsf3
                0x08000c44                __aeabi_ui2f
                0x08000c44                __floatunsisf
                0x08000c4c                __aeabi_i2f
                0x08000c4c                __floatsisf
                0x08000c68                __aeabi_ul2f
                0x08000c68                __floatundisf
                0x08000c78                __aeabi_l2f
                0x08000c78                __floatdisf
 .text          0x08000cf4      0x2a0 c:/users/taha/.platformio/packages/toolchain-gccarmnoneeabi/bin/../lib/gcc/arm-none-eabi/12.3.1/thumb/v7-m/nofp\libgcc.a(_arm_muldivsf3.o)
                0x08000cf4                __mulsf3
                0x08000cf4                __aeabi_fmul
                0x08000e5c                __aeabi_fdiv
                0x08000e5c                __divsf3
 .text          0x08000f94       0xec c:/users/taha/.platformio/packages/toolchain-gccarmnoneeabi/bin/../lib/gcc/arm-none-eabi/12.3.1/thumb/v7-m/nofp\libgcc.a(_arm_cmpsf2.o)
                0x08000f94                __gesf2
                0x08000f94                __gtsf2
                0x08000f9c                __lesf2
                0x08000f9c                __ltsf2
                0x08000fa4                __nesf2
                0x08000fa4                __eqsf2
                0x08000fa4                __cmpsf2
                0x08001004                __aeabi_cfrcmple
                0x0800100c                __aeabi_cfcmpeq
                0x0800100c                __aeabi_cfcmple
                0x0800101c                __aeabi_fcmpeq
                0x08001030                __aeabi_fcmplt
                0x08001044                __aeabi_fcmple
                0x08001058                __aeabi_fcmpge
                0x0800106c                __aeabi_fcmpgt
 .text          0x08001080       0x2c c:/users/taha/.platformio/packages/toolchain-gccarmnoneeabi/bin/../lib/gcc/arm-none-eabi/12.3.1/thumb/v7-m/nofp\libgcc.a(_arm_unordsf2.o)
                0x08001080                __unordsf2
                0x08001080                __aeabi_fcmpun
 .text          0x080010ac       0x40 c:/users/taha/.platformio/packages/toolchain-gccarmnoneeabi/bin/../lib/gcc/arm-none-eabi/12.3.1/thumb/v7-m/nofp\libgcc.a(_arm_fixunssfsi.o)
                0x080010ac                __fixunssfsi
                0x080010ac                __aeabi_f2uiz
 .text          0x080010ec       0x10 c:/users/taha/.platformio/packages/toolchain-gccarmnoneeabi/bin/../lib/gcc/arm-none-eabi/12.3.1/../../../../arm-none-eabi/lib/thumb/v7-m/nofp\libc_nano.a(libc_a-strlen.o)
                0x080010ec                strlen
 *(.text*)
 .text.__do_global_dtors_aux
                0x080010fc       0x24 c:/users/taha/.platformio/packages/toolchain-gccarmnoneeabi/bin/../lib/gcc/arm-none-eabi/12.3.1/thumb/v7-m/nofp/crtbegin.o
 .text.frame_dummy
                0x08001120       0x1c c:/users/taha/.platformio/packages/toolchain-gccarmnoneeabi/bin/../lib/gcc/arm-none-eabi/12.3.1/thumb/v7-m/nofp/crtbegin.o
 .text._ZN9USBSerial5writeEh
                0x0800113c       0x18 .pio/build/bluepill_f103c8/USBDevice/src/USBSerial.cpp.o
                0x0800113c                USBSerial::write(unsigned char)
 .text._ZN9USBSerial17availableForWriteEv
                0x08001154        0xc .pio/build/bluepill_f103c8/USBDevice/src/USBSerial.cpp.o
                0x08001154                USBSerial::availableForWrite()
 .text._ZN9USBSerial5writeEPKhj
                0x08001160       0x48 .pio/build/bluepill_f103c8/USBDevice/src/USBSerial.cpp.o
                0x08001160                USBSerial::write(unsigned char const*, unsigned int)
 .text._ZN9USBSerial9availableEv
                0x080011a8        0xc .pio/build/bluepill_f103c8/USBDevice/src/USBSerial.cpp.o
                0x080011a8                USBSerial::available()
 .text._ZN9USBSerial4readEv
                0x080011b4       0x18 .pio/build/bluepill_f103c8/USBDevice/src/USBSerial.cpp.o
                0x080011b4                USBSerial::read()
 .text._ZN9USBSerial9readBytesEPcj
                0x080011cc       0x4c .pio/build/bluepill_f103c8/USBDevice/src/USBSerial.cpp.o
                0x080011cc                USBSerial::readBytes(char*, unsigned int)
 .text._ZN9USBSerial14readBytesUntilEcPcj
                0x08001218       0x68 .pio/build/bluepill_f103c8/USBDevice/src/USBSerial.cpp.o
                0x08001218                USBSerial::readBytesUntil(char, char*, unsigned int)
 .text._ZN9USBSerial4peekEv
                0x08001280        0xc .pio/build/bluepill_f103c8/USBDevice/src/USBSerial.cpp.o
                0x08001280                USBSerial::peek()
 .text._ZN9USBSerial5flushEv
                0x0800128c       0x14 .pio/build/bluepill_f103c8/USBDevice/src/USBSerial.cpp.o
                0x0800128c                USBSerial::flush()
 .text._ZN9USBSerial5beginEm
                0x080012a0        0x4 .pio/build/bluepill_f103c8/USBDevice/src/USBSerial.cpp.o
                0x080012a0                USBSerial::begin(unsigned long)
 .text._ZN9USBSerialcvbEv
                0x080012a4       0x14 .pio/build/bluepill_f103c8/USBDevice/src/USBSerial.cpp.o
                0x080012a4                USBSerial::operator bool()
 .text.startup._GLOBAL__sub_I_SerialUSB
                0x080012b8       0x1c .pio/build/bluepill_f103c8/USBDevice/src/USBSerial.cpp.o
 .text.CDC_TransmitQueue_Init
                0x080012d4        0xc .pio/build/bluepill_f103c8/USBDevice/src/cdc/cdc_queue.c.o
                0x080012d4                CDC_TransmitQueue_Init
 .text.CDC_TransmitQueue_WriteSize
                0x080012e0       0x20 .pio/build/bluepill_f103c8/USBDevice/src/cdc/cdc_queue.c.o
                0x080012e0                CDC_TransmitQueue_WriteSize
 .text.CDC_TransmitQueue_ReadSize
                0x08001300       0x22 .pio/build/bluepill_f103c8/USBDevice/src/cdc/cdc_queue.c.o
                0x08001300                CDC_TransmitQueue_ReadSize
 .text.CDC_TransmitQueue_Enqueue
                0x08001322       0x42 .pio/build/bluepill_f103c8/USBDevice/src/cdc/cdc_queue.c.o
                0x08001322                CDC_TransmitQueue_Enqueue
 .text.CDC_TransmitQueue_ReadBlock
                0x08001364       0x36 .pio/build/bluepill_f103c8/USBDevice/src/cdc/cdc_queue.c.o
                0x08001364                CDC_TransmitQueue_ReadBlock
 .text.CDC_TransmitQueue_CommitRead
                0x0800139a       0x14 .pio/build/bluepill_f103c8/USBDevice/src/cdc/cdc_queue.c.o
                0x0800139a                CDC_TransmitQueue_CommitRead
 .text.CDC_ReceiveQueue_Init
                0x080013ae       0x12 .pio/build/bluepill_f103c8/USBDevice/src/cdc/cdc_queue.c.o
                0x080013ae                CDC_ReceiveQueue_Init
 .text.CDC_ReceiveQueue_ReserveBlock
                0x080013c0       0x72 .pio/build/bluepill_f103c8/USBDevice/src/cdc/cdc_queue.c.o
                0x080013c0                CDC_ReceiveQueue_ReserveBlock
 .text.CDC_ReceiveQueue_CommitBlock
                0x08001432       0x34 .pio/build/bluepill_f103c8/USBDevice/src/cdc/cdc_queue.c.o
                0x08001432                CDC_ReceiveQueue_CommitBlock
 .text.CDC_ReceiveQueue_ReadSize
                0x08001466       0x52 .pio/build/bluepill_f103c8/USBDevice/src/cdc/cdc_queue.c.o
                0x08001466                CDC_ReceiveQueue_ReadSize
 .text.CDC_ReceiveQueue_Dequeue
                0x080014b8       0x6e .pio/build/bluepill_f103c8/USBDevice/src/cdc/cdc_queue.c.o
                0x080014b8                CDC_ReceiveQueue_Dequeue
 .text.CDC_ReceiveQueue_Peek
                0x08001526       0x4c .pio/build/bluepill_f103c8/USBDevice/src/cdc/cdc_queue.c.o
                0x08001526                CDC_ReceiveQueue_Peek
 .text.CDC_ReceiveQueue_Read
                0x08001572       0x8c .pio/build/bluepill_f103c8/USBDevice/src/cdc/cdc_queue.c.o
                0x08001572                CDC_ReceiveQueue_Read
 .text.CDC_ReceiveQueue_ReadUntil
                0x080015fe       0xce .pio/build/bluepill_f103c8/USBDevice/src/cdc/cdc_queue.c.o
                0x080015fe                CDC_ReceiveQueue_ReadUntil
 .text.USBD_CDC_EP0_RxReady
                0x080016cc       0x38 .pio/build/bluepill_f103c8/USBDevice/src/cdc/usbd_cdc.c.o
 .text.USBD_CDC_GetDeviceQualifierDescriptor
                0x08001704        0xc .pio/build/bluepill_f103c8/USBDevice/src/cdc/usbd_cdc.c.o
                0x08001704                USBD_CDC_GetDeviceQualifierDescriptor
 .text.USBD_CDC_GetOtherSpeedCfgDesc
                0x08001710       0x48 .pio/build/bluepill_f103c8/USBDevice/src/cdc/usbd_cdc.c.o
 .text.USBD_CDC_GetFSCfgDesc
                0x08001758       0x48 .pio/build/bluepill_f103c8/USBDevice/src/cdc/usbd_cdc.c.o
 .text.USBD_CDC_GetHSCfgDesc
                0x080017a0       0x48 .pio/build/bluepill_f103c8/USBDevice/src/cdc/usbd_cdc.c.o
 .text.USBD_CDC_DataOut
                0x080017e8       0x38 .pio/build/bluepill_f103c8/USBDevice/src/cdc/usbd_cdc.c.o
 .text.USBD_CDC_DataIn
                0x08001820       0x64 .pio/build/bluepill_f103c8/USBDevice/src/cdc/usbd_cdc.c.o
 .text.USBD_CDC_Setup
                0x08001884       0xf0 .pio/build/bluepill_f103c8/USBDevice/src/cdc/usbd_cdc.c.o
 .text.USBD_CDC_DeInit
                0x08001974       0x4e .pio/build/bluepill_f103c8/USBDevice/src/cdc/usbd_cdc.c.o
 *fill*         0x080019c2        0x2 
 .text.USBD_CDC_Init
                0x080019c4       0xbc .pio/build/bluepill_f103c8/USBDevice/src/cdc/usbd_cdc.c.o
 .text.USBD_CDC_RegisterInterface
                0x08001a80       0x16 .pio/build/bluepill_f103c8/USBDevice/src/cdc/usbd_cdc.c.o
                0x08001a80                USBD_CDC_RegisterInterface
 .text.USBD_CDC_SetTxBuffer
                0x08001a96       0x1c .pio/build/bluepill_f103c8/USBDevice/src/cdc/usbd_cdc.c.o
                0x08001a96                USBD_CDC_SetTxBuffer
 .text.USBD_CDC_SetRxBuffer
                0x08001ab2       0x18 .pio/build/bluepill_f103c8/USBDevice/src/cdc/usbd_cdc.c.o
                0x08001ab2                USBD_CDC_SetRxBuffer
 .text.USBD_CDC_TransmitPacket
                0x08001aca       0x36 .pio/build/bluepill_f103c8/USBDevice/src/cdc/usbd_cdc.c.o
                0x08001aca                USBD_CDC_TransmitPacket
 .text.USBD_CDC_ReceivePacket
                0x08001b00       0x2c .pio/build/bluepill_f103c8/USBDevice/src/cdc/usbd_cdc.c.o
                0x08001b00                USBD_CDC_ReceivePacket
 .text.USBD_CDC_ClearBuffer
                0x08001b2c       0x20 .pio/build/bluepill_f103c8/USBDevice/src/cdc/usbd_cdc.c.o
                0x08001b2c                USBD_CDC_ClearBuffer
 .text.USBD_CDC_DeInit
                0x08001b4c        0x4 .pio/build/bluepill_f103c8/USBDevice/src/cdc/usbd_cdc_if.c.o
 .text.USBD_CDC_Control
                0x08001b50       0x84 .pio/build/bluepill_f103c8/USBDevice/src/cdc/usbd_cdc_if.c.o
 .text.USBD_CDC_Init
                0x08001bd4       0x38 .pio/build/bluepill_f103c8/USBDevice/src/cdc/usbd_cdc_if.c.o
 .text.CDC_init
                0x08001c0c       0x48 .pio/build/bluepill_f103c8/USBDevice/src/cdc/usbd_cdc_if.c.o
                0x08001c0c                CDC_init
 .text.CDC_connected
                0x08001c54       0x40 .pio/build/bluepill_f103c8/USBDevice/src/cdc/usbd_cdc_if.c.o
                0x08001c54                CDC_connected
 .text.CDC_continue_transmit
                0x08001c94       0x4c .pio/build/bluepill_f103c8/USBDevice/src/cdc/usbd_cdc_if.c.o
                0x08001c94                CDC_continue_transmit
 .text.USBD_CDC_TransmitCplt
                0x08001ce0       0x20 .pio/build/bluepill_f103c8/USBDevice/src/cdc/usbd_cdc_if.c.o
 .text.CDC_resume_receive
                0x08001d00       0x38 .pio/build/bluepill_f103c8/USBDevice/src/cdc/usbd_cdc_if.c.o
                0x08001d00                CDC_resume_receive
 .text.USBD_CDC_Receive
                0x08001d38       0x2c .pio/build/bluepill_f103c8/USBDevice/src/cdc/usbd_cdc_if.c.o
 .text.USBD_Init
                0x08001d64       0x26 .pio/build/bluepill_f103c8/USBDevice/src/usb_device_core.c.o
                0x08001d64                USBD_Init
 .text.USBD_RegisterClass
                0x08001d8a       0x32 .pio/build/bluepill_f103c8/USBDevice/src/usb_device_core.c.o
                0x08001d8a                USBD_RegisterClass
 .text.USBD_Start
                0x08001dbc        0x4 .pio/build/bluepill_f103c8/USBDevice/src/usb_device_core.c.o
                0x08001dbc                USBD_Start
 .text.USBD_SetClassConfig
                0x08001dc0        0xe .pio/build/bluepill_f103c8/USBDevice/src/usb_device_core.c.o
                0x08001dc0                USBD_SetClassConfig
 .text.USBD_ClrClassConfig
                0x08001dce       0x12 .pio/build/bluepill_f103c8/USBDevice/src/usb_device_core.c.o
                0x08001dce                USBD_ClrClassConfig
 .text.USBD_LL_SetupStage
                0x08001de0       0x60 .pio/build/bluepill_f103c8/USBDevice/src/usb_device_core.c.o
                0x08001de0                USBD_LL_SetupStage
 .text.USBD_LL_DataOutStage
                0x08001e40       0x6a .pio/build/bluepill_f103c8/USBDevice/src/usb_device_core.c.o
                0x08001e40                USBD_LL_DataOutStage
 .text.USBD_LL_DataInStage
                0x08001eaa       0xa6 .pio/build/bluepill_f103c8/USBDevice/src/usb_device_core.c.o
                0x08001eaa                USBD_LL_DataInStage
 .text.USBD_LL_Reset
                0x08001f50       0x5e .pio/build/bluepill_f103c8/USBDevice/src/usb_device_core.c.o
                0x08001f50                USBD_LL_Reset
 .text.USBD_LL_SetSpeed
                0x08001fae        0x6 .pio/build/bluepill_f103c8/USBDevice/src/usb_device_core.c.o
                0x08001fae                USBD_LL_SetSpeed
 .text.USBD_LL_Suspend
                0x08001fb4       0x1c .pio/build/bluepill_f103c8/USBDevice/src/usb_device_core.c.o
                0x08001fb4                USBD_LL_Suspend
 .text.USBD_LL_Resume
                0x08001fd0       0x16 .pio/build/bluepill_f103c8/USBDevice/src/usb_device_core.c.o
                0x08001fd0                USBD_LL_Resume
 .text.USBD_LL_SOF
                0x08001fe6       0x1a .pio/build/bluepill_f103c8/USBDevice/src/usb_device_core.c.o
                0x08001fe6                USBD_LL_SOF
 .text.USBD_CoreFindIF
                0x08002000        0x4 .pio/build/bluepill_f103c8/USBDevice/src/usb_device_core.c.o
                0x08002000                USBD_CoreFindIF
 .text.USBD_CoreFindEP
                0x08002004        0x4 .pio/build/bluepill_f103c8/USBDevice/src/usb_device_core.c.o
                0x08002004                USBD_CoreFindEP
 .text.USBD_GetEpDesc
                0x08002008       0x24 .pio/build/bluepill_f103c8/USBDevice/src/usb_device_core.c.o
                0x08002008                USBD_GetEpDesc
 .text.USBD_CtlError.constprop.0
                0x0800202c       0x16 .pio/build/bluepill_f103c8/USBDevice/src/usb_device_ctlreq.c.o
 *fill*         0x08002042        0x2 
 .text.USBD_StdDevReq
                0x08002044      0x288 .pio/build/bluepill_f103c8/USBDevice/src/usb_device_ctlreq.c.o
                0x08002044                USBD_StdDevReq
 .text.USBD_StdItfReq
                0x080022cc       0x5a .pio/build/bluepill_f103c8/USBDevice/src/usb_device_ctlreq.c.o
                0x080022cc                USBD_StdItfReq
 .text.USBD_StdEPReq
                0x08002326      0x13a .pio/build/bluepill_f103c8/USBDevice/src/usb_device_ctlreq.c.o
                0x08002326                USBD_StdEPReq
 .text.USBD_ParseSetupRequest
                0x08002460       0x16 .pio/build/bluepill_f103c8/USBDevice/src/usb_device_ctlreq.c.o
                0x08002460                USBD_ParseSetupRequest
 .text.USBD_CtlError
                0x08002476       0x16 .pio/build/bluepill_f103c8/USBDevice/src/usb_device_ctlreq.c.o
                0x08002476                USBD_CtlError
 .text.USBD_GetString
                0x0800248c       0x44 .pio/build/bluepill_f103c8/USBDevice/src/usb_device_ctlreq.c.o
                0x0800248c                USBD_GetString
 .text.USBD_CtlSendData
                0x080024d0       0x1a .pio/build/bluepill_f103c8/USBDevice/src/usb_device_ioreq.c.o
                0x080024d0                USBD_CtlSendData
 .text.USBD_CtlContinueSendData
                0x080024ea       0x10 .pio/build/bluepill_f103c8/USBDevice/src/usb_device_ioreq.c.o
                0x080024ea                USBD_CtlContinueSendData
 .text.USBD_CtlPrepareRx
                0x080024fa       0x1a .pio/build/bluepill_f103c8/USBDevice/src/usb_device_ioreq.c.o
                0x080024fa                USBD_CtlPrepareRx
 .text.USBD_CtlContinueRx
                0x08002514       0x10 .pio/build/bluepill_f103c8/USBDevice/src/usb_device_ioreq.c.o
                0x08002514                USBD_CtlContinueRx
 .text.USBD_CtlSendStatus
                0x08002524       0x16 .pio/build/bluepill_f103c8/USBDevice/src/usb_device_ioreq.c.o
                0x08002524                USBD_CtlSendStatus
 .text.USBD_CtlReceiveStatus
                0x0800253a       0x16 .pio/build/bluepill_f103c8/USBDevice/src/usb_device_ioreq.c.o
                0x0800253a                USBD_CtlReceiveStatus
 .text.HAL_PCD_MspInit
                0x08002550       0xa4 .pio/build/bluepill_f103c8/USBDevice/src/usbd_conf.c.o
                0x08002550                HAL_PCD_MspInit
 .text.HAL_PCD_SetupStageCallback
                0x080025f4        0xc .pio/build/bluepill_f103c8/USBDevice/src/usbd_conf.c.o
                0x080025f4                HAL_PCD_SetupStageCallback
 .text.HAL_PCD_DataOutStageCallback
                0x08002600       0x12 .pio/build/bluepill_f103c8/USBDevice/src/usbd_conf.c.o
                0x08002600                HAL_PCD_DataOutStageCallback
 .text.HAL_PCD_DataInStageCallback
                0x08002612       0x10 .pio/build/bluepill_f103c8/USBDevice/src/usbd_conf.c.o
                0x08002612                HAL_PCD_DataInStageCallback
 .text.HAL_PCD_SOFCallback
                0x08002622        0x8 .pio/build/bluepill_f103c8/USBDevice/src/usbd_conf.c.o
                0x08002622                HAL_PCD_SOFCallback
 .text.HAL_PCD_ResetCallback
                0x0800262a       0x1a .pio/build/bluepill_f103c8/USBDevice/src/usbd_conf.c.o
                0x0800262a                HAL_PCD_ResetCallback
 .text.HAL_PCD_SuspendCallback
                0x08002644       0x20 .pio/build/bluepill_f103c8/USBDevice/src/usbd_conf.c.o
                0x08002644                HAL_PCD_SuspendCallback
 .text.HAL_PCD_ResumeCallback
                0x08002664       0x28 .pio/build/bluepill_f103c8/USBDevice/src/usbd_conf.c.o
                0x08002664                HAL_PCD_ResumeCallback
 .text.USB_LP_CAN1_RX0_IRQHandler
                0x0800268c        0xc .pio/build/bluepill_f103c8/USBDevice/src/usbd_conf.c.o
                0x0800268c                USB_LP_CAN1_RX0_IRQHandler
 .text.USB_HP_CAN1_TX_IRQHandler
                0x08002698        0x4 .pio/build/bluepill_f103c8/USBDevice/src/usbd_conf.c.o
                0x08002698                USB_HP_CAN1_TX_IRQHandler
 .text.USBWakeUp_IRQHandler
                0x0800269c       0x2c .pio/build/bluepill_f103c8/USBDevice/src/usbd_conf.c.o
                0x0800269c                USBWakeUp_IRQHandler
 .text.USBD_LL_Init
                0x080026c8       0x58 .pio/build/bluepill_f103c8/USBDevice/src/usbd_conf.c.o
                0x080026c8                USBD_LL_Init
 .text.USBD_LL_Start
                0x08002720        0xe .pio/build/bluepill_f103c8/USBDevice/src/usbd_conf.c.o
                0x08002720                USBD_LL_Start
 .text.USBD_LL_OpenEP
                0x0800272e       0x14 .pio/build/bluepill_f103c8/USBDevice/src/usbd_conf.c.o
                0x0800272e                USBD_LL_OpenEP
 .text.USBD_LL_CloseEP
                0x08002742        0xe .pio/build/bluepill_f103c8/USBDevice/src/usbd_conf.c.o
                0x08002742                USBD_LL_CloseEP
 .text.USBD_LL_StallEP
                0x08002750        0xe .pio/build/bluepill_f103c8/USBDevice/src/usbd_conf.c.o
                0x08002750                USBD_LL_StallEP
 .text.USBD_LL_ClearStallEP
                0x0800275e        0xe .pio/build/bluepill_f103c8/USBDevice/src/usbd_conf.c.o
                0x0800275e                USBD_LL_ClearStallEP
 .text.USBD_LL_IsStallEP
                0x0800276c       0x22 .pio/build/bluepill_f103c8/USBDevice/src/usbd_conf.c.o
                0x0800276c                USBD_LL_IsStallEP
 .text.USBD_LL_SetUSBAddress
                0x0800278e        0xe .pio/build/bluepill_f103c8/USBDevice/src/usbd_conf.c.o
                0x0800278e                USBD_LL_SetUSBAddress
 .text.USBD_LL_Transmit
                0x0800279c        0xe .pio/build/bluepill_f103c8/USBDevice/src/usbd_conf.c.o
                0x0800279c                USBD_LL_Transmit
 .text.USBD_LL_PrepareReceive
                0x080027aa        0xe .pio/build/bluepill_f103c8/USBDevice/src/usbd_conf.c.o
                0x080027aa                USBD_LL_PrepareReceive
 .text.USBD_LL_GetRxDataSize
                0x080027b8        0x8 .pio/build/bluepill_f103c8/USBDevice/src/usbd_conf.c.o
                0x080027b8                USBD_LL_GetRxDataSize
 .text.USBD_Class_DeviceDescriptor
                0x080027c0        0xc .pio/build/bluepill_f103c8/USBDevice/src/usbd_desc.c.o
                0x080027c0                USBD_Class_DeviceDescriptor
 .text.USBD_LangIDStrDescriptor
                0x080027cc        0xc .pio/build/bluepill_f103c8/USBDevice/src/usbd_desc.c.o
                0x080027cc                USBD_LangIDStrDescriptor
 .text.USBD_Class_UserStrDescriptor
                0x080027d8        0x8 .pio/build/bluepill_f103c8/USBDevice/src/usbd_desc.c.o
                0x080027d8                USBD_Class_UserStrDescriptor
 .text.IntToUnicode
                0x080027e0       0x2a .pio/build/bluepill_f103c8/USBDevice/src/usbd_desc.c.o
 *fill*         0x0800280a        0x2 
 .text.USBD_SerialStrDescriptor
                0x0800280c       0x3c .pio/build/bluepill_f103c8/USBDevice/src/usbd_desc.c.o
                0x0800280c                USBD_SerialStrDescriptor
 .text.USBD_ManufacturerStrDescriptor
                0x08002848       0x1c .pio/build/bluepill_f103c8/USBDevice/src/usbd_desc.c.o
                0x08002848                USBD_ManufacturerStrDescriptor
 .text.USBD_Class_ProductStrDescriptor
                0x08002864       0x24 .pio/build/bluepill_f103c8/USBDevice/src/usbd_desc.c.o
                0x08002864                USBD_Class_ProductStrDescriptor
 .text.USBD_Class_ConfigStrDescriptor
                0x08002888       0x1c .pio/build/bluepill_f103c8/USBDevice/src/usbd_desc.c.o
                0x08002888                USBD_Class_ConfigStrDescriptor
 .text.USBD_Class_InterfaceStrDescriptor
                0x080028a4       0x1c .pio/build/bluepill_f103c8/USBDevice/src/usbd_desc.c.o
                0x080028a4                USBD_Class_InterfaceStrDescriptor
 .text.USBD_reenumerate
                0x080028c0       0x34 .pio/build/bluepill_f103c8/USBDevice/src/usbd_if.c.o
                0x080028c0                USBD_reenumerate
 .text.USBD_CDC_init
                0x080028f4        0x4 .pio/build/bluepill_f103c8/USBDevice/src/usbd_if.c.o
                0x080028f4                USBD_CDC_init
 .text.USBD_SystemClockConfigFromResume
                0x080028f8        0xe .pio/build/bluepill_f103c8/USBDevice/src/usbd_if.c.o
                0x080028f8                USBD_SystemClockConfigFromResume
 *fill*         0x08002906        0x2 
 .text.Reset_Handler
                0x08002908       0x60 .pio/build/bluepill_f103c8/FrameworkArduinoVariant/startup_M200_f103xb.S.o
                0x08002908                Reset_Handler
 .text.Default_Handler
                0x08002968        0x4 .pio/build/bluepill_f103c8/FrameworkArduinoVariant/startup_M200_f103xb.S.o
                0x08002968                RTC_Alarm_IRQHandler
                0x08002968                DebugMon_Handler
                0x08002968                HardFault_Handler
                0x08002968                PVD_IRQHandler
                0x08002968                PendSV_Handler
                0x08002968                NMI_Handler
                0x08002968                UsageFault_Handler
                0x08002968                ADC1_2_IRQHandler
                0x08002968                SPI1_IRQHandler
                0x08002968                TAMPER_IRQHandler
                0x08002968                DMA1_Channel4_IRQHandler
                0x08002968                RTC_IRQHandler
                0x08002968                DMA1_Channel7_IRQHandler
                0x08002968                CAN1_RX1_IRQHandler
                0x08002968                DMA1_Channel6_IRQHandler
                0x08002968                RCC_IRQHandler
                0x08002968                TIM1_TRG_COM_IRQHandler
                0x08002968                DMA1_Channel1_IRQHandler
                0x08002968                Default_Handler
                0x08002968                SPI2_IRQHandler
                0x08002968                MemManage_Handler
                0x08002968                SVC_Handler
                0x08002968                DMA1_Channel5_IRQHandler
                0x08002968                DMA1_Channel3_IRQHandler
                0x08002968                WWDG_IRQHandler
                0x08002968                TIM1_BRK_IRQHandler
                0x08002968                DMA1_Channel2_IRQHandler
                0x08002968                CAN1_SCE_IRQHandler
                0x08002968                FLASH_IRQHandler
                0x08002968                BusFault_Handler
 .text.SystemClock_Config
                0x0800296c       0x7c .pio/build/bluepill_f103c8/FrameworkArduinoVariant/variant_PILL_F103Cx.cpp.o
                0x0800296c                SystemClock_Config
 .text.HAL_MspInit
                0x080029e8        0x2 .pio/build/bluepill_f103c8/SrcWrapper/src/HAL/stm32yyxx_hal.c.o
                0x080029e8                HAL_MspInit
 *fill*         0x080029ea        0x2 
 .text.HAL_InitTick
                0x080029ec       0x48 .pio/build/bluepill_f103c8/SrcWrapper/src/HAL/stm32yyxx_hal.c.o
                0x080029ec                HAL_InitTick
 .text.HAL_Init
                0x08002a34       0x24 .pio/build/bluepill_f103c8/SrcWrapper/src/HAL/stm32yyxx_hal.c.o
                0x08002a34                HAL_Init
 .text.HAL_IncTick
                0x08002a58       0x18 .pio/build/bluepill_f103c8/SrcWrapper/src/HAL/stm32yyxx_hal.c.o
                0x08002a58                HAL_IncTick
 .text.HAL_GetTick
                0x08002a70        0xc .pio/build/bluepill_f103c8/SrcWrapper/src/HAL/stm32yyxx_hal.c.o
                0x08002a70                HAL_GetTick
 .text.HAL_ADC_PollForConversion
                0x08002a7c      0x164 .pio/build/bluepill_f103c8/SrcWrapper/src/HAL/stm32yyxx_hal_adc.c.o
                0x08002a7c                HAL_ADC_PollForConversion
 .text.HAL_ADC_GetValue
                0x08002be0        0x6 .pio/build/bluepill_f103c8/SrcWrapper/src/HAL/stm32yyxx_hal_adc.c.o
                0x08002be0                HAL_ADC_GetValue
 *fill*         0x08002be6        0x2 
 .text.HAL_ADC_ConfigChannel
                0x08002be8       0xfc .pio/build/bluepill_f103c8/SrcWrapper/src/HAL/stm32yyxx_hal_adc.c.o
                0x08002be8                HAL_ADC_ConfigChannel
 .text.HAL_ADC_GetState
                0x08002ce4        0x4 .pio/build/bluepill_f103c8/SrcWrapper/src/HAL/stm32yyxx_hal_adc.c.o
                0x08002ce4                HAL_ADC_GetState
 .text.ADC_Enable
                0x08002ce8       0x78 .pio/build/bluepill_f103c8/SrcWrapper/src/HAL/stm32yyxx_hal_adc.c.o
                0x08002ce8                ADC_Enable
 .text.HAL_ADC_Start
                0x08002d60       0xc4 .pio/build/bluepill_f103c8/SrcWrapper/src/HAL/stm32yyxx_hal_adc.c.o
                0x08002d60                HAL_ADC_Start
 .text.ADC_ConversionStop_Disable
                0x08002e24       0x4c .pio/build/bluepill_f103c8/SrcWrapper/src/HAL/stm32yyxx_hal_adc.c.o
                0x08002e24                ADC_ConversionStop_Disable
 .text.HAL_ADC_Init
                0x08002e70       0xfc .pio/build/bluepill_f103c8/SrcWrapper/src/HAL/stm32yyxx_hal_adc.c.o
                0x08002e70                HAL_ADC_Init
 .text.HAL_ADC_DeInit
                0x08002f6c       0xc0 .pio/build/bluepill_f103c8/SrcWrapper/src/HAL/stm32yyxx_hal_adc.c.o
                0x08002f6c                HAL_ADC_DeInit
 .text.HAL_ADC_Stop
                0x0800302c       0x34 .pio/build/bluepill_f103c8/SrcWrapper/src/HAL/stm32yyxx_hal_adc.c.o
                0x0800302c                HAL_ADC_Stop
 .text.HAL_ADCEx_Calibration_Start
                0x08003060       0xe0 .pio/build/bluepill_f103c8/SrcWrapper/src/HAL/stm32yyxx_hal_adc_ex.c.o
                0x08003060                HAL_ADCEx_Calibration_Start
 .text.HAL_NVIC_SetPriorityGrouping
                0x08003140       0x24 .pio/build/bluepill_f103c8/SrcWrapper/src/HAL/stm32yyxx_hal_cortex.c.o
                0x08003140                HAL_NVIC_SetPriorityGrouping
 .text.HAL_NVIC_SetPriority
                0x08003164       0x60 .pio/build/bluepill_f103c8/SrcWrapper/src/HAL/stm32yyxx_hal_cortex.c.o
                0x08003164                HAL_NVIC_SetPriority
 .text.HAL_NVIC_EnableIRQ
                0x080031c4       0x1c .pio/build/bluepill_f103c8/SrcWrapper/src/HAL/stm32yyxx_hal_cortex.c.o
                0x080031c4                HAL_NVIC_EnableIRQ
 .text.HAL_NVIC_DisableIRQ
                0x080031e0       0x24 .pio/build/bluepill_f103c8/SrcWrapper/src/HAL/stm32yyxx_hal_cortex.c.o
                0x080031e0                HAL_NVIC_DisableIRQ
 .text.HAL_SYSTICK_Config
                0x08003204       0x28 .pio/build/bluepill_f103c8/SrcWrapper/src/HAL/stm32yyxx_hal_cortex.c.o
                0x08003204                HAL_SYSTICK_Config
 .text.HAL_NVIC_ClearPendingIRQ
                0x0800322c       0x1c .pio/build/bluepill_f103c8/SrcWrapper/src/HAL/stm32yyxx_hal_cortex.c.o
                0x0800322c                HAL_NVIC_ClearPendingIRQ
 .text.HAL_SYSTICK_Callback
                0x08003248        0x2 .pio/build/bluepill_f103c8/SrcWrapper/src/HAL/stm32yyxx_hal_cortex.c.o
                0x08003248                HAL_SYSTICK_Callback
 .text.HAL_SYSTICK_IRQHandler
                0x0800324a        0x8 .pio/build/bluepill_f103c8/SrcWrapper/src/HAL/stm32yyxx_hal_cortex.c.o
                0x0800324a                HAL_SYSTICK_IRQHandler
 .text.HAL_CRC_MspInit
                0x08003252        0x2 .pio/build/bluepill_f103c8/SrcWrapper/src/HAL/stm32yyxx_hal_crc.c.o
                0x08003252                HAL_CRC_MspInit
 .text.HAL_CRC_Init
                0x08003254       0x20 .pio/build/bluepill_f103c8/SrcWrapper/src/HAL/stm32yyxx_hal_crc.c.o
                0x08003254                HAL_CRC_Init
 .text.HAL_DMA_Abort
                0x08003274       0x3e .pio/build/bluepill_f103c8/SrcWrapper/src/HAL/stm32yyxx_hal_dma.c.o
                0x08003274                HAL_DMA_Abort
 *fill*         0x080032b2        0x2 
 .text.HAL_DMA_Abort_IT
                0x080032b4       0x8c .pio/build/bluepill_f103c8/SrcWrapper/src/HAL/stm32yyxx_hal_dma.c.o
                0x080032b4                HAL_DMA_Abort_IT
 .text.HAL_DMA_GetState
                0x08003340        0x6 .pio/build/bluepill_f103c8/SrcWrapper/src/HAL/stm32yyxx_hal_dma.c.o
                0x08003340                HAL_DMA_GetState
 *fill*         0x08003346        0x2 
 .text.HAL_GPIO_Init
                0x08003348      0x1b0 .pio/build/bluepill_f103c8/SrcWrapper/src/HAL/stm32yyxx_hal_gpio.c.o
                0x08003348                HAL_GPIO_Init
 .text.HAL_GPIO_EXTI_IRQHandler
                0x080034f8       0x18 .pio/build/bluepill_f103c8/SrcWrapper/src/HAL/stm32yyxx_hal_gpio.c.o
                0x080034f8                HAL_GPIO_EXTI_IRQHandler
 .text.I2C_WaitOnFlagUntilTimeout
                0x08003510       0x80 .pio/build/bluepill_f103c8/SrcWrapper/src/HAL/stm32yyxx_hal_i2c.c.o
 .text.HAL_I2C_MspInit
                0x08003590        0x2 .pio/build/bluepill_f103c8/SrcWrapper/src/HAL/stm32yyxx_hal_i2c.c.o
                0x08003590                HAL_I2C_MspInit
 *fill*         0x08003592        0x2 
 .text.HAL_I2C_Init
                0x08003594      0x14c .pio/build/bluepill_f103c8/SrcWrapper/src/HAL/stm32yyxx_hal_i2c.c.o
                0x08003594                HAL_I2C_Init
 .text.HAL_I2C_MspDeInit
                0x080036e0        0x2 .pio/build/bluepill_f103c8/SrcWrapper/src/HAL/stm32yyxx_hal_i2c.c.o
                0x080036e0                HAL_I2C_MspDeInit
 .text.HAL_I2C_DeInit
                0x080036e2       0x32 .pio/build/bluepill_f103c8/SrcWrapper/src/HAL/stm32yyxx_hal_i2c.c.o
                0x080036e2                HAL_I2C_DeInit
 .text.HAL_I2C_IsDeviceReady
                0x08003714      0x160 .pio/build/bluepill_f103c8/SrcWrapper/src/HAL/stm32yyxx_hal_i2c.c.o
                0x08003714                HAL_I2C_IsDeviceReady
 .text.HAL_I2C_Master_Seq_Transmit_IT
                0x08003874       0xd0 .pio/build/bluepill_f103c8/SrcWrapper/src/HAL/stm32yyxx_hal_i2c.c.o
                0x08003874                HAL_I2C_Master_Seq_Transmit_IT
 .text.HAL_I2C_Master_Seq_Receive_IT
                0x08003944      0x10c .pio/build/bluepill_f103c8/SrcWrapper/src/HAL/stm32yyxx_hal_i2c.c.o
                0x08003944                HAL_I2C_Master_Seq_Receive_IT
 .text.HAL_I2C_Slave_Seq_Transmit_IT
                0x08003a50       0x76 .pio/build/bluepill_f103c8/SrcWrapper/src/HAL/stm32yyxx_hal_i2c.c.o
                0x08003a50                HAL_I2C_Slave_Seq_Transmit_IT
 .text.HAL_I2C_Slave_Seq_Receive_IT
                0x08003ac6       0x76 .pio/build/bluepill_f103c8/SrcWrapper/src/HAL/stm32yyxx_hal_i2c.c.o
                0x08003ac6                HAL_I2C_Slave_Seq_Receive_IT
 .text.HAL_I2C_EnableListen_IT
                0x08003b3c       0x36 .pio/build/bluepill_f103c8/SrcWrapper/src/HAL/stm32yyxx_hal_i2c.c.o
                0x08003b3c                HAL_I2C_EnableListen_IT
 .text.HAL_I2C_MasterTxCpltCallback
                0x08003b72        0x2 .pio/build/bluepill_f103c8/SrcWrapper/src/HAL/stm32yyxx_hal_i2c.c.o
                0x08003b72                HAL_I2C_MasterTxCpltCallback
 .text.HAL_I2C_MasterRxCpltCallback
                0x08003b74        0x2 .pio/build/bluepill_f103c8/SrcWrapper/src/HAL/stm32yyxx_hal_i2c.c.o
                0x08003b74                HAL_I2C_MasterRxCpltCallback
 .text.HAL_I2C_MemTxCpltCallback
                0x08003b76        0x2 .pio/build/bluepill_f103c8/SrcWrapper/src/HAL/stm32yyxx_hal_i2c.c.o
                0x08003b76                HAL_I2C_MemTxCpltCallback
 .text.I2C_MemoryTransmit_TXE_BTF
                0x08003b78       0xb6 .pio/build/bluepill_f103c8/SrcWrapper/src/HAL/stm32yyxx_hal_i2c.c.o
 .text.HAL_I2C_MemRxCpltCallback
                0x08003c2e        0x2 .pio/build/bluepill_f103c8/SrcWrapper/src/HAL/stm32yyxx_hal_i2c.c.o
                0x08003c2e                HAL_I2C_MemRxCpltCallback
 .text.HAL_I2C_AbortCpltCallback
                0x08003c30        0x2 .pio/build/bluepill_f103c8/SrcWrapper/src/HAL/stm32yyxx_hal_i2c.c.o
                0x08003c30                HAL_I2C_AbortCpltCallback
 *fill*         0x08003c32        0x2 
 .text.I2C_DMAAbort
                0x08003c34       0xe4 .pio/build/bluepill_f103c8/SrcWrapper/src/HAL/stm32yyxx_hal_i2c.c.o
 .text.I2C_ITError
                0x08003d18      0x15c .pio/build/bluepill_f103c8/SrcWrapper/src/HAL/stm32yyxx_hal_i2c.c.o
 .text.HAL_I2C_EV_IRQHandler
                0x08003e74      0x8d8 .pio/build/bluepill_f103c8/SrcWrapper/src/HAL/stm32yyxx_hal_i2c.c.o
                0x08003e74                HAL_I2C_EV_IRQHandler
 .text.HAL_I2C_ER_IRQHandler
                0x0800474c      0x160 .pio/build/bluepill_f103c8/SrcWrapper/src/HAL/stm32yyxx_hal_i2c.c.o
                0x0800474c                HAL_I2C_ER_IRQHandler
 .text.HAL_I2C_GetState
                0x080048ac        0x6 .pio/build/bluepill_f103c8/SrcWrapper/src/HAL/stm32yyxx_hal_i2c.c.o
                0x080048ac                HAL_I2C_GetState
 .text.HAL_I2C_GetError
                0x080048b2        0x4 .pio/build/bluepill_f103c8/SrcWrapper/src/HAL/stm32yyxx_hal_i2c.c.o
                0x080048b2                HAL_I2C_GetError
 .text.HAL_PCD_Init
                0x080048b6       0xc6 .pio/build/bluepill_f103c8/SrcWrapper/src/HAL/stm32yyxx_hal_pcd.c.o
                0x080048b6                HAL_PCD_Init
 .text.HAL_PCD_Start
                0x0800497c       0x32 .pio/build/bluepill_f103c8/SrcWrapper/src/HAL/stm32yyxx_hal_pcd.c.o
                0x0800497c                HAL_PCD_Start
 .text.HAL_PCD_SetAddress
                0x080049ae       0x26 .pio/build/bluepill_f103c8/SrcWrapper/src/HAL/stm32yyxx_hal_pcd.c.o
                0x080049ae                HAL_PCD_SetAddress
 .text.HAL_PCD_IRQHandler
                0x080049d4      0xa14 .pio/build/bluepill_f103c8/SrcWrapper/src/HAL/stm32yyxx_hal_pcd.c.o
                0x080049d4                HAL_PCD_IRQHandler
 .text.HAL_PCD_EP_Open
                0x080053e8       0x60 .pio/build/bluepill_f103c8/SrcWrapper/src/HAL/stm32yyxx_hal_pcd.c.o
                0x080053e8                HAL_PCD_EP_Open
 .text.HAL_PCD_EP_Close
                0x08005448       0x50 .pio/build/bluepill_f103c8/SrcWrapper/src/HAL/stm32yyxx_hal_pcd.c.o
                0x08005448                HAL_PCD_EP_Close
 .text.HAL_PCD_EP_Receive
                0x08005498       0x2e .pio/build/bluepill_f103c8/SrcWrapper/src/HAL/stm32yyxx_hal_pcd.c.o
                0x08005498                HAL_PCD_EP_Receive
 .text.HAL_PCD_EP_GetRxCount
                0x080054c6       0x10 .pio/build/bluepill_f103c8/SrcWrapper/src/HAL/stm32yyxx_hal_pcd.c.o
                0x080054c6                HAL_PCD_EP_GetRxCount
 .text.HAL_PCD_EP_Transmit
                0x080054d6       0x30 .pio/build/bluepill_f103c8/SrcWrapper/src/HAL/stm32yyxx_hal_pcd.c.o
                0x080054d6                HAL_PCD_EP_Transmit
 .text.HAL_PCD_EP_SetStall
                0x08005506       0x6c .pio/build/bluepill_f103c8/SrcWrapper/src/HAL/stm32yyxx_hal_pcd.c.o
                0x08005506                HAL_PCD_EP_SetStall
 .text.HAL_PCD_EP_ClrStall
                0x08005572       0x64 .pio/build/bluepill_f103c8/SrcWrapper/src/HAL/stm32yyxx_hal_pcd.c.o
                0x08005572                HAL_PCD_EP_ClrStall
 .text.HAL_PCDEx_PMAConfig
                0x080055d6       0x32 .pio/build/bluepill_f103c8/SrcWrapper/src/HAL/stm32yyxx_hal_pcd_ex.c.o
                0x080055d6                HAL_PCDEx_PMAConfig
 .text.HAL_PCDEx_SetConnectionState
                0x08005608        0x2 .pio/build/bluepill_f103c8/SrcWrapper/src/HAL/stm32yyxx_hal_pcd_ex.c.o
                0x08005608                HAL_PCDEx_SetConnectionState
 *fill*         0x0800560a        0x2 
 .text.HAL_RCC_OscConfig
                0x0800560c      0x338 .pio/build/bluepill_f103c8/SrcWrapper/src/HAL/stm32yyxx_hal_rcc.c.o
                0x0800560c                HAL_RCC_OscConfig
 .text.HAL_RCC_GetSysClockFreq
                0x08005944       0x4c .pio/build/bluepill_f103c8/SrcWrapper/src/HAL/stm32yyxx_hal_rcc.c.o
                0x08005944                HAL_RCC_GetSysClockFreq
 .text.HAL_RCC_ClockConfig
                0x08005990      0x138 .pio/build/bluepill_f103c8/SrcWrapper/src/HAL/stm32yyxx_hal_rcc.c.o
                0x08005990                HAL_RCC_ClockConfig
 .text.HAL_RCC_GetPCLK1Freq
                0x08005ac8       0x20 .pio/build/bluepill_f103c8/SrcWrapper/src/HAL/stm32yyxx_hal_rcc.c.o
                0x08005ac8                HAL_RCC_GetPCLK1Freq
 .text.HAL_RCC_GetPCLK2Freq
                0x08005ae8       0x20 .pio/build/bluepill_f103c8/SrcWrapper/src/HAL/stm32yyxx_hal_rcc.c.o
                0x08005ae8                HAL_RCC_GetPCLK2Freq
 .text.HAL_RCCEx_PeriphCLKConfig
                0x08005b08       0xf4 .pio/build/bluepill_f103c8/SrcWrapper/src/HAL/stm32yyxx_hal_rcc_ex.c.o
                0x08005b08                HAL_RCCEx_PeriphCLKConfig
 .text.HAL_RCCEx_GetPeriphCLKFreq
                0x08005bfc       0xbc .pio/build/bluepill_f103c8/SrcWrapper/src/HAL/stm32yyxx_hal_rcc_ex.c.o
                0x08005bfc                HAL_RCCEx_GetPeriphCLKFreq
 .text.HAL_TIM_PWM_PulseFinishedCallback
                0x08005cb8        0x2 .pio/build/bluepill_f103c8/SrcWrapper/src/HAL/stm32yyxx_hal_tim.c.o
                0x08005cb8                HAL_TIM_PWM_PulseFinishedCallback
 .text.HAL_TIM_TriggerCallback
                0x08005cba        0x2 .pio/build/bluepill_f103c8/SrcWrapper/src/HAL/stm32yyxx_hal_tim.c.o
                0x08005cba                HAL_TIM_TriggerCallback
 .text.HAL_TIM_IRQHandler
                0x08005cbc      0x128 .pio/build/bluepill_f103c8/SrcWrapper/src/HAL/stm32yyxx_hal_tim.c.o
                0x08005cbc                HAL_TIM_IRQHandler
 .text.TIM_Base_SetConfig
                0x08005de4       0x64 .pio/build/bluepill_f103c8/SrcWrapper/src/HAL/stm32yyxx_hal_tim.c.o
                0x08005de4                TIM_Base_SetConfig
 .text.HAL_TIM_Base_Init
                0x08005e48       0x58 .pio/build/bluepill_f103c8/SrcWrapper/src/HAL/stm32yyxx_hal_tim.c.o
                0x08005e48                HAL_TIM_Base_Init
 .text.HAL_TIMEx_CommutCallback
                0x08005ea0        0x2 .pio/build/bluepill_f103c8/SrcWrapper/src/HAL/stm32yyxx_hal_tim_ex.c.o
                0x08005ea0                HAL_TIMEx_CommutCallback
 .text.HAL_TIMEx_BreakCallback
                0x08005ea2        0x2 .pio/build/bluepill_f103c8/SrcWrapper/src/HAL/stm32yyxx_hal_tim_ex.c.o
                0x08005ea2                HAL_TIMEx_BreakCallback
 .text.UART_EndRxTransfer
                0x08005ea4       0x5c .pio/build/bluepill_f103c8/SrcWrapper/src/HAL/stm32yyxx_hal_uart.c.o
 .text.UART_SetConfig
                0x08005f00       0x74 .pio/build/bluepill_f103c8/SrcWrapper/src/HAL/stm32yyxx_hal_uart.c.o
 .text.UART_WaitOnFlagUntilTimeout.constprop.0
                0x08005f74       0x64 .pio/build/bluepill_f103c8/SrcWrapper/src/HAL/stm32yyxx_hal_uart.c.o
 .text.HAL_UART_MspInit
                0x08005fd8        0x2 .pio/build/bluepill_f103c8/SrcWrapper/src/HAL/stm32yyxx_hal_uart.c.o
                0x08005fd8                HAL_UART_MspInit
 .text.HAL_UART_Init
                0x08005fda       0x5e .pio/build/bluepill_f103c8/SrcWrapper/src/HAL/stm32yyxx_hal_uart.c.o
                0x08005fda                HAL_UART_Init
 .text.HAL_HalfDuplex_Init
                0x08006038       0x66 .pio/build/bluepill_f103c8/SrcWrapper/src/HAL/stm32yyxx_hal_uart.c.o
                0x08006038                HAL_HalfDuplex_Init
 .text.HAL_UART_Transmit
                0x0800609e       0x9c .pio/build/bluepill_f103c8/SrcWrapper/src/HAL/stm32yyxx_hal_uart.c.o
                0x0800609e                HAL_UART_Transmit
 .text.HAL_UART_Transmit_IT
                0x0800613a       0x32 .pio/build/bluepill_f103c8/SrcWrapper/src/HAL/stm32yyxx_hal_uart.c.o
                0x0800613a                HAL_UART_Transmit_IT
 .text.UART_DMAAbortOnError
                0x0800616c       0x10 .pio/build/bluepill_f103c8/SrcWrapper/src/HAL/stm32yyxx_hal_uart.c.o
 .text.HAL_UARTEx_RxEventCallback
                0x0800617c        0x2 .pio/build/bluepill_f103c8/SrcWrapper/src/HAL/stm32yyxx_hal_uart.c.o
                0x0800617c                HAL_UARTEx_RxEventCallback
 .text.UART_Receive_IT.isra.0
                0x0800617e       0xb6 .pio/build/bluepill_f103c8/SrcWrapper/src/HAL/stm32yyxx_hal_uart.c.o
 .text.HAL_UART_IRQHandler
                0x08006234      0x2d8 .pio/build/bluepill_f103c8/SrcWrapper/src/HAL/stm32yyxx_hal_uart.c.o
                0x08006234                HAL_UART_IRQHandler
 .text.HAL_HalfDuplex_EnableTransmitter
                0x0800650c       0x30 .pio/build/bluepill_f103c8/SrcWrapper/src/HAL/stm32yyxx_hal_uart.c.o
                0x0800650c                HAL_HalfDuplex_EnableTransmitter
 .text.HAL_HalfDuplex_EnableReceiver
                0x0800653c       0x30 .pio/build/bluepill_f103c8/SrcWrapper/src/HAL/stm32yyxx_hal_uart.c.o
                0x0800653c                HAL_HalfDuplex_EnableReceiver
 .text.HAL_UART_GetState
                0x0800656c        0xc .pio/build/bluepill_f103c8/SrcWrapper/src/HAL/stm32yyxx_hal_uart.c.o
                0x0800656c                HAL_UART_GetState
 .text.UART_Start_Receive_IT
                0x08006578       0x32 .pio/build/bluepill_f103c8/SrcWrapper/src/HAL/stm32yyxx_hal_uart.c.o
                0x08006578                UART_Start_Receive_IT
 .text.HAL_UART_Receive_IT
                0x080065aa       0x22 .pio/build/bluepill_f103c8/SrcWrapper/src/HAL/stm32yyxx_hal_uart.c.o
                0x080065aa                HAL_UART_Receive_IT
 .text._ZNSt8functionIFvvEEaSEDn.isra.0
                0x080065cc       0x16 .pio/build/bluepill_f103c8/SrcWrapper/src/HardwareTimer.cpp.o
 .text._ZNSt14_Function_baseD2Ev
                0x080065e2       0x12 .pio/build/bluepill_f103c8/SrcWrapper/src/HardwareTimer.cpp.o
                0x080065e2                std::_Function_base::~_Function_base()
                0x080065e2                std::_Function_base::~_Function_base()
 .text._Z15get_timer_indexP11TIM_TypeDef
                0x080065f4       0x34 .pio/build/bluepill_f103c8/SrcWrapper/src/HardwareTimer.cpp.o
                0x080065f4                get_timer_index(TIM_TypeDef*)
 .text._ZN13HardwareTimerD2Ev
                0x08006628       0x40 .pio/build/bluepill_f103c8/SrcWrapper/src/HardwareTimer.cpp.o
                0x08006628                HardwareTimer::~HardwareTimer()
                0x08006628                HardwareTimer::~HardwareTimer()
 .text._ZN13HardwareTimer5setupEP11TIM_TypeDef
                0x08006668       0x84 .pio/build/bluepill_f103c8/SrcWrapper/src/HardwareTimer.cpp.o
                0x08006668                HardwareTimer::setup(TIM_TypeDef*)
 .text.TIM1_UP_IRQHandler
                0x080066ec       0x14 .pio/build/bluepill_f103c8/SrcWrapper/src/HardwareTimer.cpp.o
                0x080066ec                TIM1_UP_IRQHandler
 .text.TIM1_CC_IRQHandler
                0x08006700        0x4 .pio/build/bluepill_f103c8/SrcWrapper/src/HardwareTimer.cpp.o
                0x08006700                TIM1_CC_IRQHandler
 .text.TIM2_IRQHandler
                0x08006704       0x14 .pio/build/bluepill_f103c8/SrcWrapper/src/HardwareTimer.cpp.o
                0x08006704                TIM2_IRQHandler
 .text.TIM3_IRQHandler
                0x08006718       0x14 .pio/build/bluepill_f103c8/SrcWrapper/src/HardwareTimer.cpp.o
                0x08006718                TIM3_IRQHandler
 .text.TIM4_IRQHandler
                0x0800672c       0x14 .pio/build/bluepill_f103c8/SrcWrapper/src/HardwareTimer.cpp.o
                0x0800672c                TIM4_IRQHandler
 .text._ZNSt8functionIFvvEEC2Ev
                0x08006740        0xc .pio/build/bluepill_f103c8/SrcWrapper/src/HardwareTimer.cpp.o
                0x08006740                std::function<void ()>::function()
                0x08006740                std::function<void ()>::function()
 .text._ZN13HardwareTimerC2EP11TIM_TypeDef
                0x0800674c       0x2a .pio/build/bluepill_f103c8/SrcWrapper/src/HardwareTimer.cpp.o
                0x0800674c                HardwareTimer::HardwareTimer(TIM_TypeDef*)
                0x0800674c                HardwareTimer::HardwareTimer(TIM_TypeDef*)
 .text._ZNSt8functionIFvvEEC2ERKS1_
                0x08006776       0x24 .pio/build/bluepill_f103c8/SrcWrapper/src/HardwareTimer.cpp.o
                0x08006776                std::function<void ()>::function(std::function<void ()> const&)
                0x08006776                std::function<void ()>::function(std::function<void ()> const&)
 .text._ZNKSt8functionIFvvEEclEv
                0x0800679a       0x12 .pio/build/bluepill_f103c8/SrcWrapper/src/HardwareTimer.cpp.o
                0x0800679a                std::function<void ()>::operator()() const
 .text._ZN13HardwareTimer14updateCallbackEP17TIM_HandleTypeDef
                0x080067ac       0x18 .pio/build/bluepill_f103c8/SrcWrapper/src/HardwareTimer.cpp.o
                0x080067ac                HardwareTimer::updateCallback(TIM_HandleTypeDef*)
 .text.HAL_TIM_PeriodElapsedCallback
                0x080067c4        0x4 .pio/build/bluepill_f103c8/SrcWrapper/src/HardwareTimer.cpp.o
                0x080067c4                HAL_TIM_PeriodElapsedCallback
 .text._ZN13HardwareTimer22captureCompareCallbackEP17TIM_HandleTypeDef
                0x080067c8       0x3e .pio/build/bluepill_f103c8/SrcWrapper/src/HardwareTimer.cpp.o
                0x080067c8                HardwareTimer::captureCompareCallback(TIM_HandleTypeDef*)
 .text.HAL_TIM_OC_DelayElapsedCallback
                0x08006806        0x4 .pio/build/bluepill_f103c8/SrcWrapper/src/HardwareTimer.cpp.o
                0x08006806                HAL_TIM_OC_DelayElapsedCallback
 .text.HAL_TIM_IC_CaptureCallback
                0x0800680a        0x4 .pio/build/bluepill_f103c8/SrcWrapper/src/HardwareTimer.cpp.o
                0x0800680a                HAL_TIM_IC_CaptureCallback
 .text.USB_CoreInit
                0x0800680e        0xe .pio/build/bluepill_f103c8/SrcWrapper/src/LL/stm32yyxx_ll_usb.c.o
                0x0800680e                USB_CoreInit
 .text.USB_EnableGlobalInt
                0x0800681c       0x12 .pio/build/bluepill_f103c8/SrcWrapper/src/LL/stm32yyxx_ll_usb.c.o
                0x0800681c                USB_EnableGlobalInt
 .text.USB_DisableGlobalInt
                0x0800682e       0x14 .pio/build/bluepill_f103c8/SrcWrapper/src/LL/stm32yyxx_ll_usb.c.o
                0x0800682e                USB_DisableGlobalInt
 .text.USB_SetCurrentMode
                0x08006842        0x4 .pio/build/bluepill_f103c8/SrcWrapper/src/LL/stm32yyxx_ll_usb.c.o
                0x08006842                USB_SetCurrentMode
 .text.USB_DevInit
                0x08006846       0x22 .pio/build/bluepill_f103c8/SrcWrapper/src/LL/stm32yyxx_ll_usb.c.o
                0x08006846                USB_DevInit
 .text.USB_ActivateEndpoint
                0x08006868      0x2c0 .pio/build/bluepill_f103c8/SrcWrapper/src/LL/stm32yyxx_ll_usb.c.o
                0x08006868                USB_ActivateEndpoint
 .text.USB_DeactivateEndpoint
                0x08006b28      0x1a6 .pio/build/bluepill_f103c8/SrcWrapper/src/LL/stm32yyxx_ll_usb.c.o
                0x08006b28                USB_DeactivateEndpoint
 .text.USB_EPSetStall
                0x08006cce       0x40 .pio/build/bluepill_f103c8/SrcWrapper/src/LL/stm32yyxx_ll_usb.c.o
                0x08006cce                USB_EPSetStall
 .text.USB_EPClearStall
                0x08006d0e       0x92 .pio/build/bluepill_f103c8/SrcWrapper/src/LL/stm32yyxx_ll_usb.c.o
                0x08006d0e                USB_EPClearStall
 .text.USB_SetDevAddress
                0x08006da0        0xc .pio/build/bluepill_f103c8/SrcWrapper/src/LL/stm32yyxx_ll_usb.c.o
                0x08006da0                USB_SetDevAddress
 .text.USB_DevConnect
                0x08006dac        0x4 .pio/build/bluepill_f103c8/SrcWrapper/src/LL/stm32yyxx_ll_usb.c.o
                0x08006dac                USB_DevConnect
 .text.USB_DevDisconnect
                0x08006db0        0x4 .pio/build/bluepill_f103c8/SrcWrapper/src/LL/stm32yyxx_ll_usb.c.o
                0x08006db0                USB_DevDisconnect
 .text.USB_ReadInterrupts
                0x08006db4        0x8 .pio/build/bluepill_f103c8/SrcWrapper/src/LL/stm32yyxx_ll_usb.c.o
                0x08006db4                USB_ReadInterrupts
 .text.USB_EP0_OutStart
                0x08006dbc        0x4 .pio/build/bluepill_f103c8/SrcWrapper/src/LL/stm32yyxx_ll_usb.c.o
                0x08006dbc                USB_EP0_OutStart
 .text.USB_WritePMA
                0x08006dc0       0x20 .pio/build/bluepill_f103c8/SrcWrapper/src/LL/stm32yyxx_ll_usb.c.o
                0x08006dc0                USB_WritePMA
 .text.USB_EPStartXfer
                0x08006de0      0x4e4 .pio/build/bluepill_f103c8/SrcWrapper/src/LL/stm32yyxx_ll_usb.c.o
                0x08006de0                USB_EPStartXfer
 .text.USB_ReadPMA
                0x080072c4       0x38 .pio/build/bluepill_f103c8/SrcWrapper/src/LL/stm32yyxx_ll_usb.c.o
                0x080072c4                USB_ReadPMA
 .text._Znwj    0x080072fc        0x4 .pio/build/bluepill_f103c8/SrcWrapper/src/new.cpp.o
                0x080072fc                operator new(unsigned int)
 .text._ZdlPvj  0x08007300        0x4 .pio/build/bluepill_f103c8/SrcWrapper/src/new.cpp.o
                0x08007300                operator delete(void*, unsigned int)
 .text.set_GPIO_Port_Clock
                0x08007304       0xa8 .pio/build/bluepill_f103c8/SrcWrapper/src/stm32/PortNames.c.o
                0x08007304                set_GPIO_Port_Clock
 .text.get_adc_channel
                0x080073ac       0x18 .pio/build/bluepill_f103c8/SrcWrapper/src/stm32/analog.cpp.o
                0x080073ac                get_adc_channel
 .text.get_adc_internal_channel
                0x080073c4       0x1a .pio/build/bluepill_f103c8/SrcWrapper/src/stm32/analog.cpp.o
                0x080073c4                get_adc_internal_channel
 *fill*         0x080073de        0x2 
 .text.HAL_ADC_MspInit
                0x080073e0       0x64 .pio/build/bluepill_f103c8/SrcWrapper/src/stm32/analog.cpp.o
                0x080073e0                HAL_ADC_MspInit
 .text.HAL_ADC_MspDeInit
                0x08007444       0x58 .pio/build/bluepill_f103c8/SrcWrapper/src/stm32/analog.cpp.o
                0x08007444                HAL_ADC_MspDeInit
 .text.adc_read_value
                0x0800749c      0x100 .pio/build/bluepill_f103c8/SrcWrapper/src/stm32/analog.cpp.o
                0x0800749c                adc_read_value
 .text.pwm_stop
                0x0800759c       0x5c .pio/build/bluepill_f103c8/SrcWrapper/src/stm32/analog.cpp.o
                0x0800759c                pwm_stop
 .text.getCurrentMillis
                0x080075f8        0x4 .pio/build/bluepill_f103c8/SrcWrapper/src/stm32/clock.c.o
                0x080075f8                getCurrentMillis
 .text.noOsSystickHandler
                0x080075fc        0x2 .pio/build/bluepill_f103c8/SrcWrapper/src/stm32/clock.c.o
                0x080075fc                osSystickHandler
                0x080075fc                noOsSystickHandler
 .text.SysTick_Handler
                0x080075fe       0x10 .pio/build/bluepill_f103c8/SrcWrapper/src/stm32/clock.c.o
                0x080075fe                SysTick_Handler
 .text.configHSECapacitorTuning
                0x0800760e        0x2 .pio/build/bluepill_f103c8/SrcWrapper/src/stm32/clock.c.o
                0x0800760e                configHSECapacitorTuning
 .text.configIPClock
                0x08007610       0x44 .pio/build/bluepill_f103c8/SrcWrapper/src/stm32/clock.c.o
                0x08007610                configIPClock
 .text.dwt_init
                0x08007654       0x3c .pio/build/bluepill_f103c8/SrcWrapper/src/stm32/dwt.c.o
                0x08007654                dwt_init
 .text.hw_config_init
                0x08007690       0x28 .pio/build/bluepill_f103c8/SrcWrapper/src/stm32/hw_config.c.o
                0x08007690                hw_config_init
 .text._ZNSt17_Function_handlerIFvvEPS0_E10_M_managerERSt9_Any_dataRKS3_St18_Manager_operation
                0x080076b8       0x20 .pio/build/bluepill_f103c8/SrcWrapper/src/stm32/interrupt.cpp.o
                0x080076b8                std::_Function_handler<void (), void (*)()>::_M_manager(std::_Any_data&, std::_Any_data const&, std::_Manager_operation)
 .text._ZNSt17_Function_handlerIFvvEPS0_E9_M_invokeERKSt9_Any_data
                0x080076d8        0x4 .pio/build/bluepill_f103c8/SrcWrapper/src/stm32/interrupt.cpp.o
                0x080076d8                std::_Function_handler<void (), void (*)()>::_M_invoke(std::_Any_data const&)
 .text.startup._ZNSt8functionIFvvEEC2EDn.constprop.0.isra.0
                0x080076dc        0xc .pio/build/bluepill_f103c8/SrcWrapper/src/stm32/interrupt.cpp.o
 .text.HAL_GPIO_EXTI_Callback
                0x080076e8       0x2c .pio/build/bluepill_f103c8/SrcWrapper/src/stm32/interrupt.cpp.o
                0x080076e8                HAL_GPIO_EXTI_Callback
 .text.EXTI0_IRQHandler
                0x08007714        0x6 .pio/build/bluepill_f103c8/SrcWrapper/src/stm32/interrupt.cpp.o
                0x08007714                EXTI0_IRQHandler
 .text.EXTI1_IRQHandler
                0x0800771a        0x6 .pio/build/bluepill_f103c8/SrcWrapper/src/stm32/interrupt.cpp.o
                0x0800771a                EXTI1_IRQHandler
 .text.EXTI2_IRQHandler
                0x08007720        0x6 .pio/build/bluepill_f103c8/SrcWrapper/src/stm32/interrupt.cpp.o
                0x08007720                EXTI2_IRQHandler
 .text.EXTI3_IRQHandler
                0x08007726        0x6 .pio/build/bluepill_f103c8/SrcWrapper/src/stm32/interrupt.cpp.o
                0x08007726                EXTI3_IRQHandler
 .text.EXTI4_IRQHandler
                0x0800772c        0x6 .pio/build/bluepill_f103c8/SrcWrapper/src/stm32/interrupt.cpp.o
                0x0800772c                EXTI4_IRQHandler
 .text.EXTI9_5_IRQHandler
                0x08007732       0x16 .pio/build/bluepill_f103c8/SrcWrapper/src/stm32/interrupt.cpp.o
                0x08007732                EXTI9_5_IRQHandler
 .text.EXTI15_10_IRQHandler
                0x08007748       0x18 .pio/build/bluepill_f103c8/SrcWrapper/src/stm32/interrupt.cpp.o
                0x08007748                EXTI15_10_IRQHandler
 .text._Z22stm32_interrupt_enableP12GPIO_TypeDeftSt8functionIFvvEEm
                0x08007760       0xf0 .pio/build/bluepill_f103c8/SrcWrapper/src/stm32/interrupt.cpp.o
                0x08007760                stm32_interrupt_enable(GPIO_TypeDef*, unsigned short, std::function<void ()>, unsigned long)
 .text.startup._GLOBAL__sub_I__Z22stm32_interrupt_enableP12GPIO_TypeDeftSt8functionIFvvEEm
                0x08007850       0xd8 .pio/build/bluepill_f103c8/SrcWrapper/src/stm32/interrupt.cpp.o
 .text.exit._GLOBAL__sub_D__Z22stm32_interrupt_enableP12GPIO_TypeDeftSt8functionIFvvEEm
                0x08007928       0x1c .pio/build/bluepill_f103c8/SrcWrapper/src/stm32/interrupt.cpp.o
 .text.pin_SetF1AFPin
                0x08007944      0x1f8 .pio/build/bluepill_f103c8/SrcWrapper/src/stm32/pinmap.c.o
 .text.LL_GPIO_SetPinMode
                0x08007b3c       0x2c .pio/build/bluepill_f103c8/SrcWrapper/src/stm32/pinmap.c.o
 .text.LL_GPIO_SetPinOutputType
                0x08007b68       0x2c .pio/build/bluepill_f103c8/SrcWrapper/src/stm32/pinmap.c.o
 .text.pin_in_pinmap
                0x08007b94       0x1e .pio/build/bluepill_f103c8/SrcWrapper/src/stm32/pinmap.c.o
                0x08007b94                pin_in_pinmap
 *fill*         0x08007bb2        0x2 
 .text.pin_function
                0x08007bb4      0x18c .pio/build/bluepill_f103c8/SrcWrapper/src/stm32/pinmap.c.o
                0x08007bb4                pin_function
 .text.pinmap_pinout
                0x08007d40       0x1a .pio/build/bluepill_f103c8/SrcWrapper/src/stm32/pinmap.c.o
                0x08007d40                pinmap_pinout
 .text.pinmap_find_peripheral
                0x08007d5a       0x16 .pio/build/bluepill_f103c8/SrcWrapper/src/stm32/pinmap.c.o
                0x08007d5a                pinmap_find_peripheral
 .text.pinmap_peripheral
                0x08007d70        0xc .pio/build/bluepill_f103c8/SrcWrapper/src/stm32/pinmap.c.o
                0x08007d70                pinmap_peripheral
 .text.pinmap_find_pin
                0x08007d7c       0x16 .pio/build/bluepill_f103c8/SrcWrapper/src/stm32/pinmap.c.o
                0x08007d7c                pinmap_find_pin
 .text.pinmap_pin
                0x08007d92        0xc .pio/build/bluepill_f103c8/SrcWrapper/src/stm32/pinmap.c.o
                0x08007d92                pinmap_pin
 .text.pinmap_find_function
                0x08007d9e       0x16 .pio/build/bluepill_f103c8/SrcWrapper/src/stm32/pinmap.c.o
                0x08007d9e                pinmap_find_function
 .text.pinmap_function
                0x08007db4        0xa .pio/build/bluepill_f103c8/SrcWrapper/src/stm32/pinmap.c.o
                0x08007db4                pinmap_function
 .text.pinmap_merge_peripheral
                0x08007dbe       0x14 .pio/build/bluepill_f103c8/SrcWrapper/src/stm32/pinmap.c.o
                0x08007dbe                pinmap_merge_peripheral
 *fill*         0x08007dd2        0x2 
 .text.SystemInit
                0x08007dd4       0x4c .pio/build/bluepill_f103c8/SrcWrapper/src/stm32/system_stm32yyxx.c.o
                0x08007dd4                SystemInit
 .text.get_timer_obj
                0x08007e20        0x4 .pio/build/bluepill_f103c8/SrcWrapper/src/stm32/timer.c.o
                0x08007e20                get_timer_obj
 .text.enableTimerClock
                0x08007e24       0x88 .pio/build/bluepill_f103c8/SrcWrapper/src/stm32/timer.c.o
                0x08007e24                enableTimerClock
 .text.disableTimerClock
                0x08007eac       0x5c .pio/build/bluepill_f103c8/SrcWrapper/src/stm32/timer.c.o
                0x08007eac                disableTimerClock
 .text.getTimerUpIrq
                0x08007f08       0x40 .pio/build/bluepill_f103c8/SrcWrapper/src/stm32/timer.c.o
                0x08007f08                getTimerUpIrq
 .text.getTimerCCIrq
                0x08007f48       0x40 .pio/build/bluepill_f103c8/SrcWrapper/src/stm32/timer.c.o
                0x08007f48                getTimerCCIrq
 .text.HAL_TIM_Base_MspInit
                0x08007f88       0x4e .pio/build/bluepill_f103c8/SrcWrapper/src/stm32/timer.c.o
                0x08007f88                HAL_TIM_Base_MspInit
 *fill*         0x08007fd6        0x2 
 .text.uart_init.part.0
                0x08007fd8      0x1c8 .pio/build/bluepill_f103c8/SrcWrapper/src/stm32/uart.c.o
 .text.uart_debug_init
                0x080081a0       0x34 .pio/build/bluepill_f103c8/SrcWrapper/src/stm32/uart.c.o
                0x080081a0                uart_debug_init
 .text.serial_rx_active
                0x080081d4       0x24 .pio/build/bluepill_f103c8/SrcWrapper/src/stm32/uart.c.o
                0x080081d4                serial_rx_active
 .text.serial_tx_active
                0x080081f8       0x24 .pio/build/bluepill_f103c8/SrcWrapper/src/stm32/uart.c.o
                0x080081f8                serial_tx_active
 .text.uart_debug_write
                0x0800821c       0xc4 .pio/build/bluepill_f103c8/SrcWrapper/src/stm32/uart.c.o
                0x0800821c                uart_debug_write
 .text.uart_attach_tx_callback
                0x080082e0       0x40 .pio/build/bluepill_f103c8/SrcWrapper/src/stm32/uart.c.o
                0x080082e0                uart_attach_tx_callback
 .text.uart_enable_tx
                0x08008320       0x1c .pio/build/bluepill_f103c8/SrcWrapper/src/stm32/uart.c.o
                0x08008320                uart_enable_tx
 .text.uart_enable_rx
                0x0800833c       0x1c .pio/build/bluepill_f103c8/SrcWrapper/src/stm32/uart.c.o
                0x0800833c                uart_enable_rx
 .text.HAL_UART_RxCpltCallback
                0x08008358        0x6 .pio/build/bluepill_f103c8/SrcWrapper/src/stm32/uart.c.o
                0x08008358                HAL_UART_RxCpltCallback
 .text.HAL_UART_TxCpltCallback
                0x0800835e        0x6 .pio/build/bluepill_f103c8/SrcWrapper/src/stm32/uart.c.o
                0x0800835e                HAL_UART_TxCpltCallback
 .text.HAL_UART_ErrorCallback
                0x08008364       0x7c .pio/build/bluepill_f103c8/SrcWrapper/src/stm32/uart.c.o
                0x08008364                HAL_UART_ErrorCallback
 .text.USART1_IRQHandler
                0x080083e0       0x18 .pio/build/bluepill_f103c8/SrcWrapper/src/stm32/uart.c.o
                0x080083e0                USART1_IRQHandler
 .text.USART2_IRQHandler
                0x080083f8       0x1c .pio/build/bluepill_f103c8/SrcWrapper/src/stm32/uart.c.o
                0x080083f8                USART2_IRQHandler
 .text.USART3_IRQHandler
                0x08008414       0x1c .pio/build/bluepill_f103c8/SrcWrapper/src/stm32/uart.c.o
                0x08008414                USART3_IRQHandler
 .text._sbrk    0x08008430       0x3c .pio/build/bluepill_f103c8/SrcWrapper/src/syscalls.c.o
                0x08008430                _sbrk
 .text._close   0x0800846c        0x6 .pio/build/bluepill_f103c8/SrcWrapper/src/syscalls.c.o
                0x0800846c                _close
 .text._fstat   0x08008472        0xa .pio/build/bluepill_f103c8/SrcWrapper/src/syscalls.c.o
                0x08008472                _fstat
 .text._isatty  0x0800847c        0x4 .pio/build/bluepill_f103c8/SrcWrapper/src/syscalls.c.o
                0x0800847c                _isatty
 .text._lseek   0x08008480        0x4 .pio/build/bluepill_f103c8/SrcWrapper/src/syscalls.c.o
                0x08008480                _lseek
 .text._read    0x08008484        0x4 .pio/build/bluepill_f103c8/SrcWrapper/src/syscalls.c.o
                0x08008484                _read
 .text._exit    0x08008488        0x2 .pio/build/bluepill_f103c8/SrcWrapper/src/syscalls.c.o
                0x08008488                _exit
 *fill*         0x0800848a        0x2 
 .text._kill    0x0800848c       0x10 .pio/build/bluepill_f103c8/SrcWrapper/src/syscalls.c.o
                0x0800848c                _kill
 .text._getpid  0x0800849c        0x4 .pio/build/bluepill_f103c8/SrcWrapper/src/syscalls.c.o
                0x0800849c                _getpid
 .text._Z8e3fa1ISRv
                0x080084a0       0x10 .pio/build/bluepill_f103c8/src/main.cpp.o
                0x080084a0                e3fa1ISR()
 .text._Z8e3fa2ISRv
                0x080084b0       0x10 .pio/build/bluepill_f103c8/src/main.cpp.o
                0x080084b0                e3fa2ISR()
 .text._ZN13MPU9255Sensor15calculateAnglesEfffRfS0_.isra.0
                0x080084c0       0x84 .pio/build/bluepill_f103c8/src/main.cpp.o
 .text._ZN9NTCSensor23resistanceToTemperatureEf
                0x08008544       0x50 .pio/build/bluepill_f103c8/src/main.cpp.o
                0x08008544                NTCSensor::resistanceToTemperature(float)
 .text._ZN9NTCSensor15readTemperatureEv
                0x08008594       0x60 .pio/build/bluepill_f103c8/src/main.cpp.o
                0x08008594                NTCSensor::readTemperature()
 .text._ZN9NTCSensor14printFormattedEPcjPKc
                0x080085f4       0xa8 .pio/build/bluepill_f103c8/src/main.cpp.o
                0x080085f4                NTCSensor::printFormatted(char*, unsigned int, char const*)
 .text._ZN12UARTProtocol16onPacketReceivedEhhPht
                0x0800869c      0x104 .pio/build/bluepill_f103c8/src/main.cpp.o
                0x0800869c                UARTProtocol::onPacketReceived(unsigned char, unsigned char, unsigned char*, unsigned short)
 .text._ZN12UARTProtocol6updateEv
                0x080087a0       0xa2 .pio/build/bluepill_f103c8/src/main.cpp.o
                0x080087a0                UARTProtocol::update()
 .text._ZN15OmronE3FASensor5beginEh
                0x08008842       0x22 .pio/build/bluepill_f103c8/src/main.cpp.o
                0x08008842                OmronE3FASensor::begin(unsigned char)
 .text._ZN15OmronE3FASensor15attachInterruptEPFvvEh
                0x08008864       0x78 .pio/build/bluepill_f103c8/src/main.cpp.o
                0x08008864                OmronE3FASensor::attachInterrupt(void (*)(), unsigned char)
 .text._ZN15OmronE3FASensor6updateEv
                0x080088dc       0x42 .pio/build/bluepill_f103c8/src/main.cpp.o
                0x080088dc                OmronE3FASensor::update()
 *fill*         0x0800891e        0x2 
 .text._ZN15OmronE3FASensor11printStatusEPcj
                0x08008920       0x48 .pio/build/bluepill_f103c8/src/main.cpp.o
                0x08008920                OmronE3FASensor::printStatus(char*, unsigned int)
 .text._ZN16OmronE6B2Encoder6updateEv
                0x08008968       0x38 .pio/build/bluepill_f103c8/src/main.cpp.o
                0x08008968                OmronE6B2Encoder::update()
 .text._ZN16OmronE6B2Encoder14printFormattedEPcj
                0x080089a0       0xb0 .pio/build/bluepill_f103c8/src/main.cpp.o
                0x080089a0                OmronE6B2Encoder::printFormatted(char*, unsigned int)
 .text._ZN13MPU9255Sensor13writeRegisterEhh
                0x08008a50       0x2e .pio/build/bluepill_f103c8/src/main.cpp.o
                0x08008a50                MPU9255Sensor::writeRegister(unsigned char, unsigned char)
 .text._ZN13MPU9255Sensor13readRegistersEhPhh
                0x08008a7e       0x44 .pio/build/bluepill_f103c8/src/main.cpp.o
                0x08008a7e                MPU9255Sensor::readRegisters(unsigned char, unsigned char*, unsigned char)
 *fill*         0x08008ac2        0x2 
 .text._ZN13MPU9255Sensor5beginEv
                0x08008ac4       0xa8 .pio/build/bluepill_f103c8/src/main.cpp.o
                0x08008ac4                MPU9255Sensor::begin()
 .text._ZN13MPU9255Sensor11readRawGyroERsS0_S0_
                0x08008b6c       0x2e .pio/build/bluepill_f103c8/src/main.cpp.o
                0x08008b6c                MPU9255Sensor::readRawGyro(short&, short&, short&)
 *fill*         0x08008b9a        0x2 
 .text._ZN13MPU9255Sensor7readAllERfS0_S0_S0_S0_S0_S0_
                0x08008b9c       0xfc .pio/build/bluepill_f103c8/src/main.cpp.o
                0x08008b9c                MPU9255Sensor::readAll(float&, float&, float&, float&, float&, float&, float&)
 .text._ZN13MPU9255Sensor14printFormattedEPcj
                0x08008c98       0xac .pio/build/bluepill_f103c8/src/main.cpp.o
                0x08008c98                MPU9255Sensor::printFormatted(char*, unsigned int)
 .text._Z18readAndSendNTCDatav
                0x08008d44       0x60 .pio/build/bluepill_f103c8/src/main.cpp.o
                0x08008d44                readAndSendNTCData()
 .text._Z19checkOpticalSensorsv
                0x08008da4       0x54 .pio/build/bluepill_f103c8/src/main.cpp.o
                0x08008da4                checkOpticalSensors()
 .text._Z22readAndSendEncoderDatav
                0x08008df8       0x78 .pio/build/bluepill_f103c8/src/main.cpp.o
                0x08008df8                readAndSendEncoderData()
 .text._Z18readAndSendIMUDatav
                0x08008e70       0xb4 .pio/build/bluepill_f103c8/src/main.cpp.o
                0x08008e70                readAndSendIMUData()
 .text._Z16sendStatusReportv
                0x08008f24       0xe8 .pio/build/bluepill_f103c8/src/main.cpp.o
                0x08008f24                sendStatusReport()
 .text._Z17checkSystemStatusv
                0x0800900c       0x14 .pio/build/bluepill_f103c8/src/main.cpp.o
                0x0800900c                checkSystemStatus()
 .text._Z12heartbeatLEDv
                0x08009020       0x34 .pio/build/bluepill_f103c8/src/main.cpp.o
                0x08009020                heartbeatLED()
 .text.setup    0x08009054      0x304 .pio/build/bluepill_f103c8/src/main.cpp.o
                0x08009054                setup
 .text.loop     0x08009358       0x7c .pio/build/bluepill_f103c8/src/main.cpp.o
                0x08009358                loop
 .text.startup._GLOBAL__sub_I__ZN16OmronE6B2Encoder3QEME
                0x080093d4      0x118 .pio/build/bluepill_f103c8/src/main.cpp.o
 .text._ZN5Print17availableForWriteEv
                0x080094ec        0x4 .pio/build/bluepill_f103c8/lib4fb/libWire.a(Wire.cpp.o)
                0x080094ec                Print::availableForWrite()
 .text._ZN7TwoWire9availableEv
                0x080094f0        0x8 .pio/build/bluepill_f103c8/lib4fb/libWire.a(Wire.cpp.o)
                0x080094f0                TwoWire::available()
 .text._ZN7TwoWire4readEv
                0x080094f8       0x1a .pio/build/bluepill_f103c8/lib4fb/libWire.a(Wire.cpp.o)
                0x080094f8                TwoWire::read()
 .text._ZN7TwoWire4peekEv
                0x08009512       0x12 .pio/build/bluepill_f103c8/lib4fb/libWire.a(Wire.cpp.o)
                0x08009512                TwoWire::peek()
 .text._ZN7TwoWire16onRequestServiceEP5i2c_s
                0x08009524       0x16 .pio/build/bluepill_f103c8/lib4fb/libWire.a(Wire.cpp.o)
                0x08009524                TwoWire::onRequestService(i2c_s*)
 *fill*         0x0800953a        0x2 
 .text._ZN7TwoWireC2Emm
                0x0800953c       0xcc .pio/build/bluepill_f103c8/lib4fb/libWire.a(Wire.cpp.o)
                0x0800953c                TwoWire::TwoWire(unsigned long, unsigned long)
                0x0800953c                TwoWire::TwoWire(unsigned long, unsigned long)
 .text._ZN7TwoWire3endEv
                0x08009608       0x28 .pio/build/bluepill_f103c8/lib4fb/libWire.a(Wire.cpp.o)
                0x08009608                TwoWire::end()
 .text._ZN7TwoWireD2Ev
                0x08009630       0x28 .pio/build/bluepill_f103c8/lib4fb/libWire.a(Wire.cpp.o)
                0x08009630                TwoWire::~TwoWire()
                0x08009630                TwoWire::~TwoWire()
 .text._ZN7TwoWire8setClockEm
                0x08009658       0x34 .pio/build/bluepill_f103c8/lib4fb/libWire.a(Wire.cpp.o)
                0x08009658                TwoWire::setClock(unsigned long)
 .text._ZN7TwoWire17beginTransmissionEh
                0x0800968c       0x10 .pio/build/bluepill_f103c8/lib4fb/libWire.a(Wire.cpp.o)
                0x0800968c                TwoWire::beginTransmission(unsigned char)
 .text._ZN7TwoWire16allocateRxBufferEj
                0x0800969c       0x24 .pio/build/bluepill_f103c8/lib4fb/libWire.a(Wire.cpp.o)
                0x0800969c                TwoWire::allocateRxBuffer(unsigned int)
 .text._ZN7TwoWire16onReceiveServiceEP5i2c_s
                0x080096c0       0x4c .pio/build/bluepill_f103c8/lib4fb/libWire.a(Wire.cpp.o)
                0x080096c0                TwoWire::onReceiveService(i2c_s*)
 .text._ZN7TwoWire16allocateTxBufferEj
                0x0800970c       0x32 .pio/build/bluepill_f103c8/lib4fb/libWire.a(Wire.cpp.o)
                0x0800970c                TwoWire::allocateTxBuffer(unsigned int)
 .text._ZN7TwoWire5writeEh
                0x0800973e       0x42 .pio/build/bluepill_f103c8/lib4fb/libWire.a(Wire.cpp.o)
                0x0800973e                TwoWire::write(unsigned char)
 .text._ZN7TwoWire5writeEPKhj
                0x08009780       0x42 .pio/build/bluepill_f103c8/lib4fb/libWire.a(Wire.cpp.o)
                0x08009780                TwoWire::write(unsigned char const*, unsigned int)
 .text._ZN7TwoWire13resetRxBufferEv
                0x080097c2       0x10 .pio/build/bluepill_f103c8/lib4fb/libWire.a(Wire.cpp.o)
                0x080097c2                TwoWire::resetRxBuffer()
 .text._ZN7TwoWire13resetTxBufferEv
                0x080097d2       0x10 .pio/build/bluepill_f103c8/lib4fb/libWire.a(Wire.cpp.o)
                0x080097d2                TwoWire::resetTxBuffer()
 .text._ZN7TwoWire15endTransmissionEh
                0x080097e2       0x46 .pio/build/bluepill_f103c8/lib4fb/libWire.a(Wire.cpp.o)
                0x080097e2                TwoWire::endTransmission(unsigned char)
 .text._ZN7TwoWire11requestFromEhhmhh
                0x08009828       0x94 .pio/build/bluepill_f103c8/lib4fb/libWire.a(Wire.cpp.o)
                0x08009828                TwoWire::requestFrom(unsigned char, unsigned char, unsigned long, unsigned char, unsigned char)
 .text._ZN7TwoWire11requestFromEhhh
                0x080098bc       0x12 .pio/build/bluepill_f103c8/lib4fb/libWire.a(Wire.cpp.o)
                0x080098bc                TwoWire::requestFrom(unsigned char, unsigned char, unsigned char)
 .text._ZN7TwoWire11requestFromEhh
                0x080098ce        0x6 .pio/build/bluepill_f103c8/lib4fb/libWire.a(Wire.cpp.o)
                0x080098ce                TwoWire::requestFrom(unsigned char, unsigned char)
 .text._ZN7TwoWire15endTransmissionEv
                0x080098d4        0x6 .pio/build/bluepill_f103c8/lib4fb/libWire.a(Wire.cpp.o)
                0x080098d4                TwoWire::endTransmission()
 .text._ZN7TwoWire5flushEv
                0x080098da       0x18 .pio/build/bluepill_f103c8/lib4fb/libWire.a(Wire.cpp.o)
                0x080098da                TwoWire::flush()
 *fill*         0x080098f2        0x2 
 .text._ZN7TwoWire10recoverBusEv
                0x080098f4       0xd0 .pio/build/bluepill_f103c8/lib4fb/libWire.a(Wire.cpp.o)
                0x080098f4                TwoWire::recoverBus()
 .text._ZN7TwoWire5beginEhbb
                0x080099c4       0x98 .pio/build/bluepill_f103c8/lib4fb/libWire.a(Wire.cpp.o)
                0x080099c4                TwoWire::begin(unsigned char, bool, bool)
 .text._ZN7TwoWire5beginEb
                0x08009a5c        0xa .pio/build/bluepill_f103c8/lib4fb/libWire.a(Wire.cpp.o)
                0x08009a5c                TwoWire::begin(bool)
 *fill*         0x08009a66        0x2 
 .text.startup._GLOBAL__sub_I__ZN7TwoWireC2Emm
                0x08009a68       0x10 .pio/build/bluepill_f103c8/lib4fb/libWire.a(Wire.cpp.o)
 .text.exit._GLOBAL__sub_D__ZN7TwoWireC2Emm
                0x08009a78        0xc .pio/build/bluepill_f103c8/lib4fb/libWire.a(Wire.cpp.o)
 .text.i2c_init
                0x08009a84      0x170 .pio/build/bluepill_f103c8/lib4fb/libWire.a(twi.c.o)
                0x08009a84                i2c_init
 .text.i2c_deinit
                0x08009bf4       0x7c .pio/build/bluepill_f103c8/lib4fb/libWire.a(twi.c.o)
                0x08009bf4                i2c_deinit
 .text.i2c_setTiming
                0x08009c70       0x60 .pio/build/bluepill_f103c8/lib4fb/libWire.a(twi.c.o)
                0x08009c70                i2c_setTiming
 .text.i2c_slave_write_IT
                0x08009cd0       0x34 .pio/build/bluepill_f103c8/lib4fb/libWire.a(twi.c.o)
                0x08009cd0                i2c_slave_write_IT
 .text.i2c_master_read
                0x08009d04       0x8e .pio/build/bluepill_f103c8/lib4fb/libWire.a(twi.c.o)
                0x08009d04                i2c_master_read
 .text.i2c_IsDeviceReady
                0x08009d92       0x40 .pio/build/bluepill_f103c8/lib4fb/libWire.a(twi.c.o)
                0x08009d92                i2c_IsDeviceReady
 .text.i2c_master_write
                0x08009dd2       0xa2 .pio/build/bluepill_f103c8/lib4fb/libWire.a(twi.c.o)
                0x08009dd2                i2c_master_write
 .text.i2c_attachSlaveRxEvent
                0x08009e74        0xe .pio/build/bluepill_f103c8/lib4fb/libWire.a(twi.c.o)
                0x08009e74                i2c_attachSlaveRxEvent
 .text.i2c_attachSlaveTxEvent
                0x08009e82        0xe .pio/build/bluepill_f103c8/lib4fb/libWire.a(twi.c.o)
                0x08009e82                i2c_attachSlaveTxEvent
 .text.HAL_I2C_AddrCallback
                0x08009e90       0x68 .pio/build/bluepill_f103c8/lib4fb/libWire.a(twi.c.o)
                0x08009e90                HAL_I2C_AddrCallback
 .text.HAL_I2C_ListenCpltCallback
                0x08009ef8       0x2a .pio/build/bluepill_f103c8/lib4fb/libWire.a(twi.c.o)
                0x08009ef8                HAL_I2C_ListenCpltCallback
 .text.HAL_I2C_SlaveRxCpltCallback
                0x08009f22       0x24 .pio/build/bluepill_f103c8/lib4fb/libWire.a(twi.c.o)
                0x08009f22                HAL_I2C_SlaveRxCpltCallback
 .text.HAL_I2C_SlaveTxCpltCallback
                0x08009f46        0x8 .pio/build/bluepill_f103c8/lib4fb/libWire.a(twi.c.o)
                0x08009f46                HAL_I2C_SlaveTxCpltCallback
 .text.HAL_I2C_ErrorCallback
                0x08009f4e        0xc .pio/build/bluepill_f103c8/lib4fb/libWire.a(twi.c.o)
                0x08009f4e                HAL_I2C_ErrorCallback
 *fill*         0x08009f5a        0x2 
 .text.I2C1_EV_IRQHandler
                0x08009f5c        0xc .pio/build/bluepill_f103c8/lib4fb/libWire.a(twi.c.o)
                0x08009f5c                I2C1_EV_IRQHandler
 .text.I2C1_ER_IRQHandler
                0x08009f68        0xc .pio/build/bluepill_f103c8/lib4fb/libWire.a(twi.c.o)
                0x08009f68                I2C1_ER_IRQHandler
 .text.I2C2_EV_IRQHandler
                0x08009f74        0xc .pio/build/bluepill_f103c8/lib4fb/libWire.a(twi.c.o)
                0x08009f74                I2C2_EV_IRQHandler
 .text.I2C2_ER_IRQHandler
                0x08009f80        0xc .pio/build/bluepill_f103c8/lib4fb/libWire.a(twi.c.o)
                0x08009f80                I2C2_ER_IRQHandler
 .text._ZN5Print5writeEPKc
                0x08009f8c       0x20 .pio/build/bluepill_f103c8/libFrameworkArduino.a(Print.cpp.o)
                0x08009f8c                Print::write(char const*)
 .text._ZN5Print5printEPKc
                0x08009fac        0x8 .pio/build/bluepill_f103c8/libFrameworkArduino.a(Print.cpp.o)
                0x08009fac                Print::print(char const*)
 .text._ZN5Print5printEc
                0x08009fb4        0x6 .pio/build/bluepill_f103c8/libFrameworkArduino.a(Print.cpp.o)
                0x08009fb4                Print::print(char)
 *fill*         0x08009fba        0x2 
 .text._ZN5Print7printlnEv
                0x08009fbc       0x10 .pio/build/bluepill_f103c8/libFrameworkArduino.a(Print.cpp.o)
                0x08009fbc                Print::println()
 .text._ZN5Print7printlnEPK19__FlashStringHelper
                0x08009fcc       0x14 .pio/build/bluepill_f103c8/libFrameworkArduino.a(Print.cpp.o)
                0x08009fcc                Print::println(__FlashStringHelper const*)
 .text._ZN5Print7printlnEPKc
                0x08009fe0        0x4 .pio/build/bluepill_f103c8/libFrameworkArduino.a(Print.cpp.o)
                0x08009fe0                Print::println(char const*)
 .text._write   0x08009fe4       0x22 .pio/build/bluepill_f103c8/libFrameworkArduino.a(Print.cpp.o)
                0x08009fe4                _write
 .text._ZN5Print11printNumberEmh
                0x0800a006       0x3a .pio/build/bluepill_f103c8/libFrameworkArduino.a(Print.cpp.o)
                0x0800a006                Print::printNumber(unsigned long, unsigned char)
 .text._ZN5Print5printEli
                0x0800a040       0x44 .pio/build/bluepill_f103c8/libFrameworkArduino.a(Print.cpp.o)
                0x0800a040                Print::print(long, int)
 .text._ZN5Print7printlnEii
                0x0800a084       0x14 .pio/build/bluepill_f103c8/libFrameworkArduino.a(Print.cpp.o)
                0x0800a084                Print::println(int, int)
 .text._ZN5Print5printEmi
                0x0800a098       0x16 .pio/build/bluepill_f103c8/libFrameworkArduino.a(Print.cpp.o)
                0x0800a098                Print::print(unsigned long, int)
 .text._ZN5Print5printEhi
                0x0800a0ae        0x4 .pio/build/bluepill_f103c8/libFrameworkArduino.a(Print.cpp.o)
                0x0800a0ae                Print::print(unsigned char, int)
 .text._ZN5Print7printlnEmi
                0x0800a0b2       0x14 .pio/build/bluepill_f103c8/libFrameworkArduino.a(Print.cpp.o)
                0x0800a0b2                Print::println(unsigned long, int)
 *fill*         0x0800a0c6        0x2 
 .text._ZN5Print10printFloatIfEEjT_h
                0x0800a0c8      0x120 .pio/build/bluepill_f103c8/libFrameworkArduino.a(Print.cpp.o)
                0x0800a0c8                unsigned int Print::printFloat<float>(float, unsigned char)
 .text._ZN5Print7printlnEfi
                0x0800a1e8       0x16 .pio/build/bluepill_f103c8/libFrameworkArduino.a(Print.cpp.o)
                0x0800a1e8                Print::println(float, int)
 .text._ZN6Stream9timedReadEv
                0x0800a1fe       0x2a .pio/build/bluepill_f103c8/libFrameworkArduino.a(Stream.cpp.o)
                0x0800a1fe                Stream::timedRead()
 .text._ZN6Stream9readBytesEPcj
                0x0800a228       0x22 .pio/build/bluepill_f103c8/libFrameworkArduino.a(Stream.cpp.o)
                0x0800a228                Stream::readBytes(char*, unsigned int)
 .text._ZN6Stream14readBytesUntilEcPcj
                0x0800a24a       0x30 .pio/build/bluepill_f103c8/libFrameworkArduino.a(Stream.cpp.o)
                0x0800a24a                Stream::readBytesUntil(char, char*, unsigned int)
 *fill*         0x0800a27a        0x2 
 .text._Z15attachInterruptmSt8functionIFvvEEm
                0x0800a27c       0xf8 .pio/build/bluepill_f103c8/libFrameworkArduino.a(WInterrupts.cpp.o)
                0x0800a27c                attachInterrupt(unsigned long, std::function<void ()>, unsigned long)
 .text.startup._Z7premainv
                0x0800a374       0x10 .pio/build/bluepill_f103c8/libFrameworkArduino.a(main.cpp.o)
                0x0800a374                premain()
 .text.startup.main
                0x0800a384       0x14 .pio/build/bluepill_f103c8/libFrameworkArduino.a(main.cpp.o)
                0x0800a384                main
 .text.pinNametoDigitalPin
                0x0800a398       0x34 .pio/build/bluepill_f103c8/libFrameworkArduino.a(pins_arduino.c.o)
                0x0800a398                pinNametoDigitalPin
 .text.analogInputToPinName
                0x0800a3cc       0x80 .pio/build/bluepill_f103c8/libFrameworkArduino.a(pins_arduino.c.o)
                0x0800a3cc                analogInputToPinName
 .text.mapResolution
                0x0800a44c       0x26 .pio/build/bluepill_f103c8/libFrameworkArduino.a(wiring_analog.c.o)
 *fill*         0x0800a472        0x2 
 .text.analogRead
                0x0800a474       0x2c .pio/build/bluepill_f103c8/libFrameworkArduino.a(wiring_analog.c.o)
                0x0800a474                analogRead
 .text.pinMode  0x0800a4a0       0xbc .pio/build/bluepill_f103c8/libFrameworkArduino.a(wiring_digital.c.o)
                0x0800a4a0                pinMode
 .text.digitalWrite
                0x0800a55c       0x74 .pio/build/bluepill_f103c8/libFrameworkArduino.a(wiring_digital.c.o)
                0x0800a55c                digitalWrite
 .text.digitalRead
                0x0800a5d0       0x7c .pio/build/bluepill_f103c8/libFrameworkArduino.a(wiring_digital.c.o)
                0x0800a5d0                digitalRead
 .text.millis   0x0800a64c        0x4 .pio/build/bluepill_f103c8/libFrameworkArduino.a(wiring_time.c.o)
                0x0800a64c                millis
 .text.delay    0x0800a650       0x1c .pio/build/bluepill_f103c8/libFrameworkArduino.a(wiring_time.c.o)
                0x0800a650                delay
 .text._Z14serialEventRunv
                0x0800a66c       0x34 .pio/build/bluepill_f103c8/libFrameworkArduino.a(WSerial.cpp.o)
                0x0800a66c                serialEventRun()
 .text.init     0x0800a6a0        0x4 .pio/build/bluepill_f103c8/libFrameworkArduino.a(board.c.o)
                0x0800a6a0                init
 .text.__empty  0x0800a6a4        0x2 .pio/build/bluepill_f103c8/libFrameworkArduino.a(hooks.c.o)
                0x0800a6a4                yield
 .text._ZN14HardwareSerial9availableEv
                0x0800a6a6       0x10 .pio/build/bluepill_f103c8/libFrameworkArduino.a(HardwareSerial.cpp.o)
                0x0800a6a6                HardwareSerial::available()
 .text._ZN14HardwareSerial4peekEv
                0x0800a6b6       0x1a .pio/build/bluepill_f103c8/libFrameworkArduino.a(HardwareSerial.cpp.o)
                0x0800a6b6                HardwareSerial::peek()
 .text._ZN14HardwareSerial17availableForWriteEv
                0x0800a6d0       0x1c .pio/build/bluepill_f103c8/libFrameworkArduino.a(HardwareSerial.cpp.o)
                0x0800a6d0                HardwareSerial::availableForWrite()
 .text._ZN14HardwareSerial5writeEh
                0x0800a6ec       0x18 .pio/build/bluepill_f103c8/libFrameworkArduino.a(HardwareSerial.cpp.o)
                0x0800a6ec                HardwareSerial::write(unsigned char)
 .text._ZN14HardwareSerial16_tx_complete_irqEP8serial_s
                0x0800a704       0x60 .pio/build/bluepill_f103c8/libFrameworkArduino.a(HardwareSerial.cpp.o)
                0x0800a704                HardwareSerial::_tx_complete_irq(serial_s*)
 .text._ZN14HardwareSerial5writeEPKhj
                0x0800a764       0xe4 .pio/build/bluepill_f103c8/libFrameworkArduino.a(HardwareSerial.cpp.o)
                0x0800a764                HardwareSerial::write(unsigned char const*, unsigned int)
 .text._ZN14HardwareSerial4initE7PinNameS0_S0_S0_
                0x0800a848       0x32 .pio/build/bluepill_f103c8/libFrameworkArduino.a(HardwareSerial.cpp.o)
                0x0800a848                HardwareSerial::init(PinName, PinName, PinName, PinName)
 *fill*         0x0800a87a        0x2 
 .text._ZN14HardwareSerialC2EPv16HalfDuplexMode_t
                0x0800a87c       0x80 .pio/build/bluepill_f103c8/libFrameworkArduino.a(HardwareSerial.cpp.o)
                0x0800a87c                HardwareSerial::HardwareSerial(void*, HalfDuplexMode_t)
                0x0800a87c                HardwareSerial::HardwareSerial(void*, HalfDuplexMode_t)
 .text._ZN14HardwareSerial5flushEm
                0x0800a8fc       0x36 .pio/build/bluepill_f103c8/libFrameworkArduino.a(HardwareSerial.cpp.o)
                0x0800a8fc                HardwareSerial::flush(unsigned long)
 .text._ZN14HardwareSerial5flushEv
                0x0800a932        0x6 .pio/build/bluepill_f103c8/libFrameworkArduino.a(HardwareSerial.cpp.o)
                0x0800a932                HardwareSerial::flush()
 .text._ZN14HardwareSerial18enableHalfDuplexRxEv
                0x0800a938       0x2c .pio/build/bluepill_f103c8/libFrameworkArduino.a(HardwareSerial.cpp.o)
                0x0800a938                HardwareSerial::enableHalfDuplexRx()
 .text._ZN14HardwareSerial4readEv
                0x0800a964       0x2e .pio/build/bluepill_f103c8/libFrameworkArduino.a(HardwareSerial.cpp.o)
                0x0800a964                HardwareSerial::read()
 *fill*         0x0800a992        0x2 
 .text.startup._GLOBAL__sub_I_Serial1
                0x0800a994       0x14 .pio/build/bluepill_f103c8/libFrameworkArduino.a(HardwareSerial.cpp.o)
 .text.unlikely._ZSt25__throw_bad_function_callv